Archive member included to satisfy reference by file (symbol)

c:/program files (x86)/atollic/truestudio for arm 8.1.0/armtools/bin/../lib/gcc/arm-atollic-eabi/6.3.1/../../../../arm-atollic-eabi/lib/armv7-m\libc_nano.a(lib_a-init.o)
                              startup\startup_stm32f103xb.o (__libc_init_array)
c:/program files (x86)/atollic/truestudio for arm 8.1.0/armtools/bin/../lib/gcc/arm-atollic-eabi/6.3.1/../../../../arm-atollic-eabi/lib/armv7-m\libc_nano.a(lib_a-memset.o)
                              Drivers\STM32F1xx_HAL_Driver\Src\stm32f1xx_hal_rcc.o (memset)
c:/program files (x86)/atollic/truestudio for arm 8.1.0/armtools/bin/../lib/gcc/arm-atollic-eabi/6.3.1/armv7-m\libgcc.a(_lshrdi3.o)
                              Drivers\STM32F1xx_HAL_Driver\Src\stm32f1xx_hal_flash.o (__aeabi_llsr)
c:/program files (x86)/atollic/truestudio for arm 8.1.0/armtools/bin/../lib/gcc/arm-atollic-eabi/6.3.1/armv7-m\libgcc.a(_arm_addsubsf3.o)
                              Src\sd_hal_mpu6050.o (__aeabi_fadd)
c:/program files (x86)/atollic/truestudio for arm 8.1.0/armtools/bin/../lib/gcc/arm-atollic-eabi/6.3.1/armv7-m\libgcc.a(_arm_muldivsf3.o)
                              Src\sd_hal_mpu6050.o (__aeabi_fdiv)

Allocating common symbols
Common symbol       size              file

hUsbDeviceFS        0x224             Src\usb_device.o
hi2c1               0x54              Src\i2c.o
uwTick              0x4               Drivers\STM32F1xx_HAL_Driver\Src\stm32f1xx_hal.o
pFlash              0x20              Drivers\STM32F1xx_HAL_Driver\Src\stm32f1xx_hal_flash.o
hpcd_USB_FS         0x460             Src\usbd_conf.o
USBD_StrDesc        0x200             Src\usbd_desc.o
mpu1                0x1c              Src\main.o

Discarded input sections

 .text          0x00000000        0x0 c:/program files (x86)/atollic/truestudio for arm 8.1.0/armtools/bin/../lib/gcc/arm-atollic-eabi/6.3.1/armv7-m/crti.o
 .data          0x00000000        0x0 c:/program files (x86)/atollic/truestudio for arm 8.1.0/armtools/bin/../lib/gcc/arm-atollic-eabi/6.3.1/armv7-m/crti.o
 .bss           0x00000000        0x0 c:/program files (x86)/atollic/truestudio for arm 8.1.0/armtools/bin/../lib/gcc/arm-atollic-eabi/6.3.1/armv7-m/crti.o
 .data          0x00000000        0x4 c:/program files (x86)/atollic/truestudio for arm 8.1.0/armtools/bin/../lib/gcc/arm-atollic-eabi/6.3.1/armv7-m/crtbegin.o
 .text          0x00000000        0x0 Drivers\STM32F1xx_HAL_Driver\Src\stm32f1xx_hal.o
 .data          0x00000000        0x0 Drivers\STM32F1xx_HAL_Driver\Src\stm32f1xx_hal.o
 .bss           0x00000000        0x0 Drivers\STM32F1xx_HAL_Driver\Src\stm32f1xx_hal.o
 .text.HAL_MspInit
                0x00000000        0x2 Drivers\STM32F1xx_HAL_Driver\Src\stm32f1xx_hal.o
 .text.HAL_MspDeInit
                0x00000000        0x2 Drivers\STM32F1xx_HAL_Driver\Src\stm32f1xx_hal.o
 .text.HAL_DeInit
                0x00000000       0x20 Drivers\STM32F1xx_HAL_Driver\Src\stm32f1xx_hal.o
 .text.HAL_SuspendTick
                0x00000000       0x10 Drivers\STM32F1xx_HAL_Driver\Src\stm32f1xx_hal.o
 .text.HAL_ResumeTick
                0x00000000       0x10 Drivers\STM32F1xx_HAL_Driver\Src\stm32f1xx_hal.o
 .text.HAL_GetHalVersion
                0x00000000        0x8 Drivers\STM32F1xx_HAL_Driver\Src\stm32f1xx_hal.o
 .text.HAL_GetREVID
                0x00000000        0xc Drivers\STM32F1xx_HAL_Driver\Src\stm32f1xx_hal.o
 .text.HAL_GetDEVID
                0x00000000       0x10 Drivers\STM32F1xx_HAL_Driver\Src\stm32f1xx_hal.o
 .text.HAL_DBGMCU_EnableDBGSleepMode
                0x00000000       0x10 Drivers\STM32F1xx_HAL_Driver\Src\stm32f1xx_hal.o
 .text.HAL_DBGMCU_DisableDBGSleepMode
                0x00000000       0x10 Drivers\STM32F1xx_HAL_Driver\Src\stm32f1xx_hal.o
 .text.HAL_DBGMCU_EnableDBGStopMode
                0x00000000       0x10 Drivers\STM32F1xx_HAL_Driver\Src\stm32f1xx_hal.o
 .text.HAL_DBGMCU_DisableDBGStopMode
                0x00000000       0x10 Drivers\STM32F1xx_HAL_Driver\Src\stm32f1xx_hal.o
 .text.HAL_DBGMCU_EnableDBGStandbyMode
                0x00000000       0x10 Drivers\STM32F1xx_HAL_Driver\Src\stm32f1xx_hal.o
 .text.HAL_DBGMCU_DisableDBGStandbyMode
                0x00000000       0x10 Drivers\STM32F1xx_HAL_Driver\Src\stm32f1xx_hal.o
 .text.HAL_GetUID
                0x00000000       0x20 Drivers\STM32F1xx_HAL_Driver\Src\stm32f1xx_hal.o
 .text          0x00000000        0x0 Drivers\STM32F1xx_HAL_Driver\Src\stm32f1xx_hal_cortex.o
 .data          0x00000000        0x0 Drivers\STM32F1xx_HAL_Driver\Src\stm32f1xx_hal_cortex.o
 .bss           0x00000000        0x0 Drivers\STM32F1xx_HAL_Driver\Src\stm32f1xx_hal_cortex.o
 .text.HAL_NVIC_DisableIRQ
                0x00000000       0x1c Drivers\STM32F1xx_HAL_Driver\Src\stm32f1xx_hal_cortex.o
 .text.HAL_NVIC_SystemReset
                0x00000000       0x24 Drivers\STM32F1xx_HAL_Driver\Src\stm32f1xx_hal_cortex.o
 .text.HAL_NVIC_GetPriorityGrouping
[...]
Memory Configuration

Name             Origin             Length             Attributes
RAM              0x20000000         0x00005000         xrw
FLASH            0x08000000         0x00010000         xr
*default*        0x00000000         0xffffffff

Linker script and memory map

LOAD c:/program files (x86)/atollic/truestudio for arm 8.1.0/armtools/bin/../lib/gcc/arm-atollic-eabi/6.3.1/armv7-m/crti.o
LOAD c:/program files (x86)/atollic/truestudio for arm 8.1.0/armtools/bin/../lib/gcc/arm-atollic-eabi/6.3.1/armv7-m/crtbegin.o
LOAD Drivers\STM32F1xx_HAL_Driver\Src\stm32f1xx_hal.o
LOAD Drivers\STM32F1xx_HAL_Driver\Src\stm32f1xx_hal_cortex.o
LOAD Drivers\STM32F1xx_HAL_Driver\Src\stm32f1xx_hal_dma.o
LOAD Drivers\STM32F1xx_HAL_Driver\Src\stm32f1xx_hal_flash.o
LOAD Drivers\STM32F1xx_HAL_Driver\Src\stm32f1xx_hal_flash_ex.o
LOAD Drivers\STM32F1xx_HAL_Driver\Src\stm32f1xx_hal_gpio.o
LOAD Drivers\STM32F1xx_HAL_Driver\Src\stm32f1xx_hal_gpio_ex.o
LOAD Drivers\STM32F1xx_HAL_Driver\Src\stm32f1xx_hal_i2c.o
LOAD Drivers\STM32F1xx_HAL_Driver\Src\stm32f1xx_hal_pcd.o
LOAD Drivers\STM32F1xx_HAL_Driver\Src\stm32f1xx_hal_pcd_ex.o
LOAD Drivers\STM32F1xx_HAL_Driver\Src\stm32f1xx_hal_pwr.o
LOAD Drivers\STM32F1xx_HAL_Driver\Src\stm32f1xx_hal_rcc.o
LOAD Drivers\STM32F1xx_HAL_Driver\Src\stm32f1xx_hal_rcc_ex.o
LOAD Drivers\STM32F1xx_HAL_Driver\Src\stm32f1xx_hal_tim.o
LOAD Drivers\STM32F1xx_HAL_Driver\Src\stm32f1xx_hal_tim_ex.o
LOAD Drivers\STM32F1xx_HAL_Driver\Src\stm32f1xx_ll_usb.o
LOAD Middlewares\ST\STM32_USB_Device_Library\Class\HID\Src\usbd_hid.o
LOAD Middlewares\ST\STM32_USB_Device_Library\Core\Src\usbd_core.o
LOAD Middlewares\ST\STM32_USB_Device_Library\Core\Src\usbd_ctlreq.o
LOAD Middlewares\ST\STM32_USB_Device_Library\Core\Src\usbd_ioreq.o
LOAD Src\gpio.o
LOAD Src\i2c.o
LOAD Src\main.o
LOAD Src\sd_hal_mpu6050.o
LOAD Src\stm32f1xx_hal_msp.o
LOAD Src\stm32f1xx_it.o
LOAD Src\system_stm32f1xx.o
LOAD Src\usb_device.o
LOAD Src\usbd_conf.o
LOAD Src\usbd_desc.o
LOAD startup\startup_stm32f103xb.o
                0x00000080                malloc_getpagesize_P = 0x80
START GROUP
LOAD c:/program files (x86)/atollic/truestudio for arm 8.1.0/armtools/bin/../lib/gcc/arm-atollic-eabi/6.3.1/../../../../arm-atollic-eabi/lib/armv7-m\libc_nano.a
LOAD c:/program files (x86)/atollic/truestudio for arm 8.1.0/armtools/bin/../lib/gcc/arm-atollic-eabi/6.3.1/../../../../arm-atollic-eabi/lib/armv7-m\libm.a
END GROUP
START GROUP
LOAD c:/program files (x86)/atollic/truestudio for arm 8.1.0/armtools/bin/../lib/gcc/arm-atollic-eabi/6.3.1/armv7-m\libgcc.a
LOAD c:/program files (x86)/atollic/truestudio for arm 8.1.0/armtools/bin/../lib/gcc/arm-atollic-eabi/6.3.1/../../../../arm-atollic-eabi/lib/armv7-m\libc_nano.a
END GROUP
START GROUP
LOAD c:/program files (x86)/atollic/truestudio for arm 8.1.0/armtools/bin/../lib/gcc/arm-atollic-eabi/6.3.1/armv7-m\libgcc.a
LOAD c:/program files (x86)/atollic/truestudio for arm 8.1.0/armtools/bin/../lib/gcc/arm-atollic-eabi/6.3.1/../../../../arm-atollic-eabi/lib/armv7-m\libc_nano.a
LOAD c:/program files (x86)/atollic/truestudio for arm 8.1.0/armtools/bin/../lib/gcc/arm-atollic-eabi/6.3.1/../../../../arm-atollic-eabi/lib/armv7-m\libnosys.a
END GROUP
START GROUP
LOAD c:/program files (x86)/atollic/truestudio for arm 8.1.0/armtools/bin/../lib/gcc/arm-atollic-eabi/6.3.1/armv7-m\libgcc.a
LOAD c:/program files (x86)/atollic/truestudio for arm 8.1.0/armtools/bin/../lib/gcc/arm-atollic-eabi/6.3.1/../../../../arm-atollic-eabi/lib/armv7-m\libc_nano.a
LOAD c:/program files (x86)/atollic/truestudio for arm 8.1.0/armtools/bin/../lib/gcc/arm-atollic-eabi/6.3.1/../../../../arm-atollic-eabi/lib/armv7-m\libnosys.a
END GROUP
LOAD c:/program files (x86)/atollic/truestudio for arm 8.1.0/armtools/bin/../lib/gcc/arm-atollic-eabi/6.3.1/armv7-m/crtend.o
LOAD c:/program files (x86)/atollic/truestudio for arm 8.1.0/armtools/bin/../lib/gcc/arm-atollic-eabi/6.3.1/armv7-m/crtn.o
                0x20005000                _estack = 0x20005000
                0x00000200                _Min_Heap_Size = 0x200
                0x00000400                _Min_Stack_Size = 0x400

.isr_vector     0x08000000      0x10c
                0x08000000                . = ALIGN (0x4)
 *(.isr_vector)
 .isr_vector    0x08000000      0x10c startup\startup_stm32f103xb.o
                0x08000000                g_pfnVectors
                0x0800010c                . = ALIGN (0x4)

.text           0x0800010c     0x3c6c
                0x0800010c                . = ALIGN (0x4)
 *(.text)
 .text          0x0800010c       0x40 c:/program files (x86)/atollic/truestudio for arm 8.1.0/armtools/bin/../lib/gcc/arm-atollic-eabi/6.3.1/armv7-m/crtbegin.o
 *(.text*)
 .text.HAL_InitTick
                0x0800014c       0x28 Drivers\STM32F1xx_HAL_Driver\Src\stm32f1xx_hal.o
                0x0800014c                HAL_InitTick
 .text.HAL_Init
                0x08000174       0x24 Drivers\STM32F1xx_HAL_Driver\Src\stm32f1xx_hal.o
                0x08000174                HAL_Init
 .text.HAL_IncTick
                0x08000198       0x10 Drivers\STM32F1xx_HAL_Driver\Src\stm32f1xx_hal.o
                0x08000198                HAL_IncTick
 .text.HAL_GetTick
                0x080001a8        0xc Drivers\STM32F1xx_HAL_Driver\Src\stm32f1xx_hal.o
                0x080001a8                HAL_GetTick
 .text.HAL_Delay
                0x080001b4       0x20 Drivers\STM32F1xx_HAL_Driver\Src\stm32f1xx_hal.o
                0x080001b4                HAL_Delay
 .text.HAL_NVIC_SetPriorityGrouping
                0x080001d4       0x24 Drivers\STM32F1xx_HAL_Driver\Src\stm32f1xx_hal_cortex.o
                0x080001d4                HAL_NVIC_SetPriorityGrouping
 .text.HAL_NVIC_SetPriority
                0x080001f8       0x68 Drivers\STM32F1xx_HAL_Driver\Src\stm32f1xx_hal_cortex.o
                0x080001f8                HAL_NVIC_SetPriority
 .text.HAL_NVIC_EnableIRQ
                0x08000260       0x18 Drivers\STM32F1xx_HAL_Driver\Src\stm32f1xx_hal_cortex.o
                0x08000260                HAL_NVIC_EnableIRQ
 .text.HAL_SYSTICK_Config
                0x08000278       0x2c Drivers\STM32F1xx_HAL_Driver\Src\stm32f1xx_hal_cortex.o
                0x08000278                HAL_SYSTICK_Config
 .text.HAL_SYSTICK_CLKSourceConfig
                0x080002a4       0x18 Drivers\STM32F1xx_HAL_Driver\Src\stm32f1xx_hal_cortex.o
                0x080002a4                HAL_SYSTICK_CLKSourceConfig
 .text.HAL_SYSTICK_Callback
                0x080002bc        0x2 Drivers\STM32F1xx_HAL_Driver\Src\stm32f1xx_hal_cortex.o
                0x080002bc                HAL_SYSTICK_Callback
 .text.HAL_SYSTICK_IRQHandler
                0x080002be        0x8 Drivers\STM32F1xx_HAL_Driver\Src\stm32f1xx_hal_cortex.o
                0x080002be                HAL_SYSTICK_IRQHandler
 *fill*         0x080002c6        0x2 
 .text.HAL_DMA_Abort_IT
                0x080002c8       0x90 Drivers\STM32F1xx_HAL_Driver\Src\stm32f1xx_hal_dma.o
                0x080002c8                HAL_DMA_Abort_IT
 .text.HAL_GPIO_Init
                0x08000358      0x1c0 Drivers\STM32F1xx_HAL_Driver\Src\stm32f1xx_hal_gpio.o
                0x08000358                HAL_GPIO_Init
 .text.I2C_IsAcknowledgeFailed
                0x08000518       0x2a Drivers\STM32F1xx_HAL_Driver\Src\stm32f1xx_hal_i2c.o
 .text.I2C_WaitOnMasterAddressFlagUntilTimeout
                0x08000542       0x80 Drivers\STM32F1xx_HAL_Driver\Src\stm32f1xx_hal_i2c.o
 .text.I2C_WaitOnFlagUntilTimeout
                0x080005c2       0x5c Drivers\STM32F1xx_HAL_Driver\Src\stm32f1xx_hal_i2c.o
 .text.I2C_WaitOnTXEFlagUntilTimeout
                0x0800061e       0x4c Drivers\STM32F1xx_HAL_Driver\Src\stm32f1xx_hal_i2c.o
 .text.I2C_WaitOnRXNEFlagUntilTimeout
                0x0800066a       0x5a Drivers\STM32F1xx_HAL_Driver\Src\stm32f1xx_hal_i2c.o
 .text.I2C_WaitOnBTFFlagUntilTimeout
                0x080006c4       0x4c Drivers\STM32F1xx_HAL_Driver\Src\stm32f1xx_hal_i2c.o
 .text.HAL_I2C_Init
                0x08000710       0xdc Drivers\STM32F1xx_HAL_Driver\Src\stm32f1xx_hal_i2c.o
                0x08000710                HAL_I2C_Init
 .text.HAL_I2C_Master_Transmit
                0x080007ec      0x1ac Drivers\STM32F1xx_HAL_Driver\Src\stm32f1xx_hal_i2c.o
                0x080007ec                HAL_I2C_Master_Transmit
 .text.HAL_I2C_Master_Receive
                0x08000998      0x304 Drivers\STM32F1xx_HAL_Driver\Src\stm32f1xx_hal_i2c.o
                0x08000998                HAL_I2C_Master_Receive
 .text.HAL_I2C_IsDeviceReady
                0x08000c9c      0x160 Drivers\STM32F1xx_HAL_Driver\Src\stm32f1xx_hal_i2c.o
                0x08000c9c                HAL_I2C_IsDeviceReady
 .text.HAL_I2C_MasterTxCpltCallback
                0x08000dfc        0x2 Drivers\STM32F1xx_HAL_Driver\Src\stm32f1xx_hal_i2c.o
                0x08000dfc                HAL_I2C_MasterTxCpltCallback
 .text.HAL_I2C_MasterRxCpltCallback
                0x08000dfe        0x2 Drivers\STM32F1xx_HAL_Driver\Src\stm32f1xx_hal_i2c.o
                0x08000dfe                HAL_I2C_MasterRxCpltCallback
 .text.HAL_I2C_SlaveTxCpltCallback
                0x08000e00        0x2 Drivers\STM32F1xx_HAL_Driver\Src\stm32f1xx_hal_i2c.o
                0x08000e00                HAL_I2C_SlaveTxCpltCallback
 .text.HAL_I2C_SlaveRxCpltCallback
                0x08000e02        0x2 Drivers\STM32F1xx_HAL_Driver\Src\stm32f1xx_hal_i2c.o
                0x08000e02                HAL_I2C_SlaveRxCpltCallback
 .text.HAL_I2C_AddrCallback
                0x08000e04        0x2 Drivers\STM32F1xx_HAL_Driver\Src\stm32f1xx_hal_i2c.o
                0x08000e04                HAL_I2C_AddrCallback
 .text.HAL_I2C_ListenCpltCallback
                0x08000e06        0x2 Drivers\STM32F1xx_HAL_Driver\Src\stm32f1xx_hal_i2c.o
                0x08000e06                HAL_I2C_ListenCpltCallback
 .text.HAL_I2C_MemTxCpltCallback
                0x08000e08        0x2 Drivers\STM32F1xx_HAL_Driver\Src\stm32f1xx_hal_i2c.o
                0x08000e08                HAL_I2C_MemTxCpltCallback
 .text.HAL_I2C_MemRxCpltCallback
                0x08000e0a        0x2 Drivers\STM32F1xx_HAL_Driver\Src\stm32f1xx_hal_i2c.o
                0x08000e0a                HAL_I2C_MemRxCpltCallback
 .text.HAL_I2C_ErrorCallback
                0x08000e0c        0x2 Drivers\STM32F1xx_HAL_Driver\Src\stm32f1xx_hal_i2c.o
                0x08000e0c                HAL_I2C_ErrorCallback
 .text.HAL_I2C_AbortCpltCallback
                0x08000e0e        0x2 Drivers\STM32F1xx_HAL_Driver\Src\stm32f1xx_hal_i2c.o
                0x08000e0e                HAL_I2C_AbortCpltCallback
 .text.I2C_ITError
                0x08000e10      0x128 Drivers\STM32F1xx_HAL_Driver\Src\stm32f1xx_hal_i2c.o
 .text.HAL_I2C_EV_IRQHandler
                0x08000f38      0x6d4 Drivers\STM32F1xx_HAL_Driver\Src\stm32f1xx_hal_i2c.o
                0x08000f38                HAL_I2C_EV_IRQHandler
 .text.I2C_DMAAbort
                0x0800160c       0x4c Drivers\STM32F1xx_HAL_Driver\Src\stm32f1xx_hal_i2c.o
 .text.HAL_PCD_Init
                0x08001658       0xd2 Drivers\STM32F1xx_HAL_Driver\Src\stm32f1xx_hal_pcd.o
                0x08001658                HAL_PCD_Init
 .text.HAL_PCD_Start
                0x0800172a       0x2e Drivers\STM32F1xx_HAL_Driver\Src\stm32f1xx_hal_pcd.o
                0x0800172a                HAL_PCD_Start
 .text.HAL_PCD_SetAddress
                0x08001758       0x28 Drivers\STM32F1xx_HAL_Driver\Src\stm32f1xx_hal_pcd.o
                0x08001758                HAL_PCD_SetAddress
 .text.HAL_PCD_EP_Open
                0x08001780       0x46 Drivers\STM32F1xx_HAL_Driver\Src\stm32f1xx_hal_pcd.o
                0x08001780                HAL_PCD_EP_Open
 .text.HAL_PCD_EP_Close
                0x080017c6       0x42 Drivers\STM32F1xx_HAL_Driver\Src\stm32f1xx_hal_pcd.o
                0x080017c6                HAL_PCD_EP_Close
 .text.HAL_PCD_EP_Receive
                0x08001808       0x30 Drivers\STM32F1xx_HAL_Driver\Src\stm32f1xx_hal_pcd.o
                0x08001808                HAL_PCD_EP_Receive
 .text.HAL_PCD_EP_Transmit
                0x08001838       0x2c Drivers\STM32F1xx_HAL_Driver\Src\stm32f1xx_hal_pcd.o
                0x08001838                HAL_PCD_EP_Transmit
 .text.HAL_PCD_IRQHandler
                0x08001864      0x4f0 Drivers\STM32F1xx_HAL_Driver\Src\stm32f1xx_hal_pcd.o
                0x08001864                HAL_PCD_IRQHandler
 .text.HAL_PCD_EP_SetStall
                0x08001d54       0x52 Drivers\STM32F1xx_HAL_Driver\Src\stm32f1xx_hal_pcd.o
                0x08001d54                HAL_PCD_EP_SetStall
 .text.HAL_PCD_EP_ClrStall
                0x08001da6       0x46 Drivers\STM32F1xx_HAL_Driver\Src\stm32f1xx_hal_pcd.o
                0x08001da6                HAL_PCD_EP_ClrStall
 .text.HAL_PCDEx_PMAConfig
                0x08001dec       0x30 Drivers\STM32F1xx_HAL_Driver\Src\stm32f1xx_hal_pcd_ex.o
                0x08001dec                HAL_PCDEx_PMAConfig
 .text.HAL_RCC_OscConfig
                0x08001e1c      0x318 Drivers\STM32F1xx_HAL_Driver\Src\stm32f1xx_hal_rcc.o
                0x08001e1c                HAL_RCC_OscConfig
 .text.HAL_RCC_MCOConfig
                0x08002134       0x50 Drivers\STM32F1xx_HAL_Driver\Src\stm32f1xx_hal_rcc.o
                0x08002134                HAL_RCC_MCOConfig
 .text.HAL_RCC_GetSysClockFreq
                0x08002184       0x7c Drivers\STM32F1xx_HAL_Driver\Src\stm32f1xx_hal_rcc.o
                0x08002184                HAL_RCC_GetSysClockFreq
 .text.HAL_RCC_ClockConfig
                0x08002200      0x148 Drivers\STM32F1xx_HAL_Driver\Src\stm32f1xx_hal_rcc.o
                0x08002200                HAL_RCC_ClockConfig
 .text.HAL_RCC_GetHCLKFreq
                0x08002348        0xc Drivers\STM32F1xx_HAL_Driver\Src\stm32f1xx_hal_rcc.o
                0x08002348                HAL_RCC_GetHCLKFreq
 .text.HAL_RCC_GetPCLK1Freq
                0x08002354       0x20 Drivers\STM32F1xx_HAL_Driver\Src\stm32f1xx_hal_rcc.o
                0x08002354                HAL_RCC_GetPCLK1Freq
 .text.HAL_RCCEx_PeriphCLKConfig
                0x08002374       0xf0 Drivers\STM32F1xx_HAL_Driver\Src\stm32f1xx_hal_rcc_ex.o
                0x08002374                HAL_RCCEx_PeriphCLKConfig
 .text.USB_CoreInit
                0x08002464        0xe Drivers\STM32F1xx_HAL_Driver\Src\stm32f1xx_ll_usb.o
                0x08002464                USB_CoreInit
 .text.USB_EnableGlobalInt
                0x08002472       0x12 Drivers\STM32F1xx_HAL_Driver\Src\stm32f1xx_ll_usb.o
                0x08002472                USB_EnableGlobalInt
 .text.USB_DisableGlobalInt
                0x08002484       0x14 Drivers\STM32F1xx_HAL_Driver\Src\stm32f1xx_ll_usb.o
                0x08002484                USB_DisableGlobalInt
 .text.USB_SetCurrentMode
                0x08002498        0x4 Drivers\STM32F1xx_HAL_Driver\Src\stm32f1xx_ll_usb.o
                0x08002498                USB_SetCurrentMode
 .text.USB_DevInit
                0x0800249c       0x36 Drivers\STM32F1xx_HAL_Driver\Src\stm32f1xx_ll_usb.o
                0x0800249c                USB_DevInit
 *fill*         0x080024d2        0x2 
 .text.USB_ActivateEndpoint
                0x080024d4      0x2e4 Drivers\STM32F1xx_HAL_Driver\Src\stm32f1xx_ll_usb.o
                0x080024d4                USB_ActivateEndpoint
 .text.USB_DeactivateEndpoint
                0x080027b8      0x19c Drivers\STM32F1xx_HAL_Driver\Src\stm32f1xx_ll_usb.o
                0x080027b8                USB_DeactivateEndpoint
 .text.USB_EPSetStall
                0x08002954       0x64 Drivers\STM32F1xx_HAL_Driver\Src\stm32f1xx_ll_usb.o
                0x08002954                USB_EPSetStall
 .text.USB_EPClearStall
                0x080029b8       0x84 Drivers\STM32F1xx_HAL_Driver\Src\stm32f1xx_ll_usb.o
                0x080029b8                USB_EPClearStall
 .text.USB_SetDevAddress
                0x08002a3c        0xc Drivers\STM32F1xx_HAL_Driver\Src\stm32f1xx_ll_usb.o
                0x08002a3c                USB_SetDevAddress
 .text.USB_DevConnect
                0x08002a48        0x4 Drivers\STM32F1xx_HAL_Driver\Src\stm32f1xx_ll_usb.o
                0x08002a48                USB_DevConnect
 .text.USB_DevDisconnect
                0x08002a4c        0x4 Drivers\STM32F1xx_HAL_Driver\Src\stm32f1xx_ll_usb.o
                0x08002a4c                USB_DevDisconnect
 .text.USB_ReadInterrupts
                0x08002a50        0x8 Drivers\STM32F1xx_HAL_Driver\Src\stm32f1xx_ll_usb.o
                0x08002a50                USB_ReadInterrupts
 .text.USB_EP0_OutStart
                0x08002a58        0x4 Drivers\STM32F1xx_HAL_Driver\Src\stm32f1xx_ll_usb.o
                0x08002a58                USB_EP0_OutStart
 .text.USB_WritePMA
                0x08002a5c       0x22 Drivers\STM32F1xx_HAL_Driver\Src\stm32f1xx_ll_usb.o
                0x08002a5c                USB_WritePMA
 *fill*         0x08002a7e        0x2 
 .text.USB_EPStartXfer
                0x08002a80      0x200 Drivers\STM32F1xx_HAL_Driver\Src\stm32f1xx_ll_usb.o
                0x08002a80                USB_EPStartXfer
 .text.USB_ReadPMA
                0x08002c80       0x22 Drivers\STM32F1xx_HAL_Driver\Src\stm32f1xx_ll_usb.o
                0x08002c80                USB_ReadPMA
 *fill*         0x08002ca2        0x2 
 .text.USBD_HID_GetCfgDesc
                0x08002ca4        0xc Middlewares\ST\STM32_USB_Device_Library\Class\HID\Src\usbd_hid.o
 .text.USBD_HID_DataIn
                0x08002cb0        0xa Middlewares\ST\STM32_USB_Device_Library\Class\HID\Src\usbd_hid.o
 *fill*         0x08002cba        0x2 
 .text.USBD_HID_GetDeviceQualifierDesc
                0x08002cbc        0xc Middlewares\ST\STM32_USB_Device_Library\Class\HID\Src\usbd_hid.o
 .text.USBD_HID_Setup
                0x08002cc8       0xac Middlewares\ST\STM32_USB_Device_Library\Class\HID\Src\usbd_hid.o
 .text.USBD_HID_DeInit
                0x08002d74       0x1e Middlewares\ST\STM32_USB_Device_Library\Class\HID\Src\usbd_hid.o
 .text.USBD_HID_Init
                0x08002d92       0x26 Middlewares\ST\STM32_USB_Device_Library\Class\HID\Src\usbd_hid.o
 .text.USBD_HID_SendReport
                0x08002db8       0x24 Middlewares\ST\STM32_USB_Device_Library\Class\HID\Src\usbd_hid.o
                0x08002db8                USBD_HID_SendReport
 .text.USBD_Init
                0x08002ddc       0x2a Middlewares\ST\STM32_USB_Device_Library\Core\Src\usbd_core.o
                0x08002ddc                USBD_Init
 .text.USBD_RegisterClass
                0x08002e06        0xe Middlewares\ST\STM32_USB_Device_Library\Core\Src\usbd_core.o
                0x08002e06                USBD_RegisterClass
 .text.USBD_Start
                0x08002e14        0xa Middlewares\ST\STM32_USB_Device_Library\Core\Src\usbd_core.o
                0x08002e14                USBD_Start
 .text.USBD_SetClassConfig
                0x08002e1e       0x16 Middlewares\ST\STM32_USB_Device_Library\Core\Src\usbd_core.o
                0x08002e1e                USBD_SetClassConfig
 .text.USBD_ClrClassConfig
                0x08002e34        0xe Middlewares\ST\STM32_USB_Device_Library\Core\Src\usbd_core.o
                0x08002e34                USBD_ClrClassConfig
 .text.USBD_LL_SetupStage
                0x08002e42       0x5a Middlewares\ST\STM32_USB_Device_Library\Core\Src\usbd_core.o
                0x08002e42                USBD_LL_SetupStage
 .text.USBD_LL_DataOutStage
                0x08002e9c       0x64 Middlewares\ST\STM32_USB_Device_Library\Core\Src\usbd_core.o
                0x08002e9c                USBD_LL_DataOutStage
 .text.USBD_LL_DataInStage
                0x08002f00       0x9e Middlewares\ST\STM32_USB_Device_Library\Core\Src\usbd_core.o
                0x08002f00                USBD_LL_DataInStage
 .text.USBD_LL_Reset
                0x08002f9e       0x3e Middlewares\ST\STM32_USB_Device_Library\Core\Src\usbd_core.o
                0x08002f9e                USBD_LL_Reset
 .text.USBD_LL_SetSpeed
                0x08002fdc        0x6 Middlewares\ST\STM32_USB_Device_Library\Core\Src\usbd_core.o
                0x08002fdc                USBD_LL_SetSpeed
 .text.USBD_LL_Suspend
                0x08002fe2       0x12 Middlewares\ST\STM32_USB_Device_Library\Core\Src\usbd_core.o
                0x08002fe2                USBD_LL_Suspend
 .text.USBD_LL_Resume
                0x08002ff4        0xc Middlewares\ST\STM32_USB_Device_Library\Core\Src\usbd_core.o
                0x08002ff4                USBD_LL_Resume
 .text.USBD_LL_SOF
                0x08003000       0x18 Middlewares\ST\STM32_USB_Device_Library\Core\Src\usbd_core.o
                0x08003000                USBD_LL_SOF
 .text.USBD_CtlError.constprop.0
                0x08003018       0x16 Middlewares\ST\STM32_USB_Device_Library\Core\Src\usbd_ctlreq.o
 *fill*         0x0800302e        0x2 
 .text.USBD_StdDevReq
                0x08003030      0x1f4 Middlewares\ST\STM32_USB_Device_Library\Core\Src\usbd_ctlreq.o
                0x08003030                USBD_StdDevReq
 .text.USBD_StdItfReq
                0x08003224       0x30 Middlewares\ST\STM32_USB_Device_Library\Core\Src\usbd_ctlreq.o
                0x08003224                USBD_StdItfReq
 .text.USBD_StdEPReq
                0x08003254       0xc6 Middlewares\ST\STM32_USB_Device_Library\Core\Src\usbd_ctlreq.o
                0x08003254                USBD_StdEPReq
 .text.USBD_ParseSetupRequest
                0x0800331a       0x28 Middlewares\ST\STM32_USB_Device_Library\Core\Src\usbd_ctlreq.o
                0x0800331a                USBD_ParseSetupRequest
 .text.USBD_CtlError
                0x08003342       0x16 Middlewares\ST\STM32_USB_Device_Library\Core\Src\usbd_ctlreq.o
                0x08003342                USBD_CtlError
 .text.USBD_GetString
                0x08003358       0x38 Middlewares\ST\STM32_USB_Device_Library\Core\Src\usbd_ctlreq.o
                0x08003358                USBD_GetString
 .text.USBD_CtlSendData
                0x08003390       0x1a Middlewares\ST\STM32_USB_Device_Library\Core\Src\usbd_ioreq.o
                0x08003390                USBD_CtlSendData
 .text.USBD_CtlContinueSendData
                0x080033aa       0x10 Middlewares\ST\STM32_USB_Device_Library\Core\Src\usbd_ioreq.o
                0x080033aa                USBD_CtlContinueSendData
 .text.USBD_CtlContinueRx
                0x080033ba       0x10 Middlewares\ST\STM32_USB_Device_Library\Core\Src\usbd_ioreq.o
                0x080033ba                USBD_CtlContinueRx
 .text.USBD_CtlSendStatus
                0x080033ca       0x16 Middlewares\ST\STM32_USB_Device_Library\Core\Src\usbd_ioreq.o
                0x080033ca                USBD_CtlSendStatus
 .text.USBD_CtlReceiveStatus
                0x080033e0       0x16 Middlewares\ST\STM32_USB_Device_Library\Core\Src\usbd_ioreq.o
                0x080033e0                USBD_CtlReceiveStatus
 *fill*         0x080033f6        0x2 
 .text.MX_GPIO_Init
                0x080033f8       0x70 Src\gpio.o
                0x080033f8                MX_GPIO_Init
 .text.MX_I2C1_Init
                0x08003468       0x48 Src\i2c.o
                0x08003468                MX_I2C1_Init
 .text.HAL_I2C_MspInit
                0x080034b0       0x54 Src\i2c.o
                0x080034b0                HAL_I2C_MspInit
 .text.SystemClock_Config
                0x08003504       0x8c Src\main.o
                0x08003504                SystemClock_Config
 .text.startup.main
                0x08003590       0x84 Src\main.o
                0x08003590                main
 .text._Error_Handler
                0x08003614        0x2 Src\main.o
                0x08003614                _Error_Handler
 .text.SD_MPU6050_SetDataRate
                0x08003616       0x2c Src\sd_hal_mpu6050.o
                0x08003616                SD_MPU6050_SetDataRate
 .text.SD_MPU6050_SetAccelerometer
                0x08003642       0xa2 Src\sd_hal_mpu6050.o
                0x08003642                SD_MPU6050_SetAccelerometer
 .text.SD_MPU6050_SetGyroscope
                0x080036e4       0xac Src\sd_hal_mpu6050.o
                0x080036e4                SD_MPU6050_SetGyroscope
 .text.SD_MPU6050_Init
                0x08003790       0xa6 Src\sd_hal_mpu6050.o
                0x08003790                SD_MPU6050_Init
 .text.SD_MPU6050_ReadGyroscope
                0x08003836       0x72 Src\sd_hal_mpu6050.o
                0x08003836                SD_MPU6050_ReadGyroscope
 .text.HAL_MspInit
                0x080038a8       0x90 Src\stm32f1xx_hal_msp.o
                0x080038a8                HAL_MspInit
 .text.NMI_Handler
                0x08003938        0x2 Src\stm32f1xx_it.o
                0x08003938                NMI_Handler
 .text.HardFault_Handler
                0x0800393a        0x2 Src\stm32f1xx_it.o
                0x0800393a                HardFault_Handler
 .text.MemManage_Handler
                0x0800393c        0x2 Src\stm32f1xx_it.o
                0x0800393c                MemManage_Handler
 .text.BusFault_Handler
                0x0800393e        0x2 Src\stm32f1xx_it.o
                0x0800393e                BusFault_Handler
 .text.UsageFault_Handler
                0x08003940        0x2 Src\stm32f1xx_it.o
                0x08003940                UsageFault_Handler
 .text.SVC_Handler
                0x08003942        0x2 Src\stm32f1xx_it.o
                0x08003942                SVC_Handler
 .text.DebugMon_Handler
                0x08003944        0x2 Src\stm32f1xx_it.o
                0x08003944                DebugMon_Handler
 .text.PendSV_Handler
                0x08003946        0x2 Src\stm32f1xx_it.o
                0x08003946                PendSV_Handler
 .text.SysTick_Handler
                0x08003948        0xe Src\stm32f1xx_it.o
                0x08003948                SysTick_Handler
 *fill*         0x08003956        0x2 
 .text.USB_LP_CAN1_RX0_IRQHandler
                0x08003958        0xc Src\stm32f1xx_it.o
                0x08003958                USB_LP_CAN1_RX0_IRQHandler
 .text.I2C1_EV_IRQHandler
                0x08003964        0xc Src\stm32f1xx_it.o
                0x08003964                I2C1_EV_IRQHandler
 .text.SystemInit
                0x08003970       0x4c Src\system_stm32f1xx.o
                0x08003970                SystemInit
 .text.MX_USB_DEVICE_Init
                0x080039bc       0x2c Src\usb_device.o
                0x080039bc                MX_USB_DEVICE_Init
 .text.HAL_PCD_MspInit
                0x080039e8       0x3c Src\usbd_conf.o
                0x080039e8                HAL_PCD_MspInit
 .text.HAL_PCD_SetupStageCallback
                0x08003a24        0xc Src\usbd_conf.o
                0x08003a24                HAL_PCD_SetupStageCallback
 .text.HAL_PCD_DataOutStageCallback
                0x08003a30       0x10 Src\usbd_conf.o
                0x08003a30                HAL_PCD_DataOutStageCallback
 .text.HAL_PCD_DataInStageCallback
                0x08003a40        0xe Src\usbd_conf.o
                0x08003a40                HAL_PCD_DataInStageCallback
 .text.HAL_PCD_SOFCallback
                0x08003a4e        0x8 Src\usbd_conf.o
                0x08003a4e                HAL_PCD_SOFCallback
 .text.HAL_PCD_ResetCallback
                0x08003a56       0x1a Src\usbd_conf.o
                0x08003a56                HAL_PCD_ResetCallback
 .text.HAL_PCD_SuspendCallback
                0x08003a70       0x20 Src\usbd_conf.o
                0x08003a70                HAL_PCD_SuspendCallback
 .text.HAL_PCD_ResumeCallback
                0x08003a90        0x8 Src\usbd_conf.o
                0x08003a90                HAL_PCD_ResumeCallback
 .text.USBD_LL_Init
                0x08003a98       0x70 Src\usbd_conf.o
                0x08003a98                USBD_LL_Init
 .text.USBD_LL_Start
                0x08003b08       0x1c Src\usbd_conf.o
                0x08003b08                USBD_LL_Start
 .text.USBD_LL_OpenEP
                0x08003b24       0x20 Src\usbd_conf.o
                0x08003b24                USBD_LL_OpenEP
 .text.USBD_LL_CloseEP
                0x08003b44       0x1c Src\usbd_conf.o
                0x08003b44                USBD_LL_CloseEP
 .text.USBD_LL_StallEP
                0x08003b60       0x1c Src\usbd_conf.o
                0x08003b60                USBD_LL_StallEP
 .text.USBD_LL_ClearStallEP
                0x08003b7c       0x1c Src\usbd_conf.o
                0x08003b7c                USBD_LL_ClearStallEP
 .text.USBD_LL_IsStallEP
                0x08003b98       0x20 Src\usbd_conf.o
                0x08003b98                USBD_LL_IsStallEP
 .text.USBD_LL_SetUSBAddress
                0x08003bb8       0x1c Src\usbd_conf.o
                0x08003bb8                USBD_LL_SetUSBAddress
 .text.USBD_LL_Transmit
                0x08003bd4       0x1c Src\usbd_conf.o
                0x08003bd4                USBD_LL_Transmit
 .text.USBD_LL_PrepareReceive
                0x08003bf0       0x1c Src\usbd_conf.o
                0x08003bf0                USBD_LL_PrepareReceive
 .text.USBD_static_malloc
                0x08003c0c        0x8 Src\usbd_conf.o
                0x08003c0c                USBD_static_malloc
 .text.USBD_static_free
                0x08003c14        0x2 Src\usbd_conf.o
                0x08003c14                USBD_static_free
 .text.HAL_PCDEx_SetConnectionState
                0x08003c16        0x2 Src\usbd_conf.o
                0x08003c16                HAL_PCDEx_SetConnectionState
 .text.USBD_FS_DeviceDescriptor
                0x08003c18        0xc Src\usbd_desc.o
                0x08003c18                USBD_FS_DeviceDescriptor
 .text.USBD_FS_LangIDStrDescriptor
                0x08003c24        0xc Src\usbd_desc.o
                0x08003c24                USBD_FS_LangIDStrDescriptor
 .text.USBD_FS_ManufacturerStrDescriptor
                0x08003c30       0x1c Src\usbd_desc.o
                0x08003c30                USBD_FS_ManufacturerStrDescriptor
 .text.USBD_FS_ProductStrDescriptor
                0x08003c4c       0x1c Src\usbd_desc.o
                0x08003c4c                USBD_FS_ProductStrDescriptor
 .text.USBD_FS_SerialStrDescriptor
                0x08003c68       0x1c Src\usbd_desc.o
                0x08003c68                USBD_FS_SerialStrDescriptor
 .text.USBD_FS_ConfigStrDescriptor
                0x08003c84       0x1c Src\usbd_desc.o
                0x08003c84                USBD_FS_ConfigStrDescriptor
 .text.USBD_FS_InterfaceStrDescriptor
                0x08003ca0       0x1c Src\usbd_desc.o
                0x08003ca0                USBD_FS_InterfaceStrDescriptor
 .text.Reset_Handler
                0x08003cbc       0x48 startup\startup_stm32f103xb.o
                0x08003cbc                Reset_Handler
 .text.Default_Handler
                0x08003d04        0x2 startup\startup_stm32f103xb.o
                0x08003d04                RTC_Alarm_IRQHandler
                0x08003d04                EXTI2_IRQHandler
                0x08003d04                TIM1_CC_IRQHandler
                0x08003d04                PVD_IRQHandler
                0x08003d04                EXTI3_IRQHandler
                0x08003d04                EXTI0_IRQHandler
                0x08003d04                I2C2_EV_IRQHandler
                0x08003d04                ADC1_2_IRQHandler
                0x08003d04                SPI1_IRQHandler
                0x08003d04                TAMPER_IRQHandler
                0x08003d04                DMA1_Channel4_IRQHandler
                0x08003d04                USART3_IRQHandler
                0x08003d04                RTC_IRQHandler
                0x08003d04                DMA1_Channel7_IRQHandler
                0x08003d04                CAN1_RX1_IRQHandler
                0x08003d04                TIM4_IRQHandler
                0x08003d04                DMA1_Channel6_IRQHandler
                0x08003d04                TIM3_IRQHandler
                0x08003d04                RCC_IRQHandler
                0x08003d04                TIM1_TRG_COM_IRQHandler
                0x08003d04                DMA1_Channel1_IRQHandler
                0x08003d04                Default_Handler
                0x08003d04                EXTI15_10_IRQHandler
                0x08003d04                EXTI9_5_IRQHandler
                0x08003d04                SPI2_IRQHandler
                0x08003d04                DMA1_Channel5_IRQHandler
                0x08003d04                EXTI4_IRQHandler
                0x08003d04                USB_HP_CAN1_TX_IRQHandler
                0x08003d04                DMA1_Channel3_IRQHandler
                0x08003d04                TIM1_UP_IRQHandler
                0x08003d04                WWDG_IRQHandler
                0x08003d04                TIM2_IRQHandler
                0x08003d04                TIM1_BRK_IRQHandler
                0x08003d04                EXTI1_IRQHandler
                0x08003d04                USART2_IRQHandler
                0x08003d04                I2C2_ER_IRQHandler
                0x08003d04                DMA1_Channel2_IRQHandler
                0x08003d04                CAN1_SCE_IRQHandler
                0x08003d04                FLASH_IRQHandler
                0x08003d04                USART1_IRQHandler
                0x08003d04                I2C1_ER_IRQHandler
                0x08003d04                USBWakeUp_IRQHandler
 *fill*         0x08003d06        0x2 
 .text.__libc_init_array
                0x08003d08       0x48 c:/program files (x86)/atollic/truestudio for arm 8.1.0/armtools/bin/../lib/gcc/arm-atollic-eabi/6.3.1/../../../../arm-atollic-eabi/lib/armv7-m\libc_nano.a(lib_a-init.o)
                0x08003d08                __libc_init_array
 .text.memset   0x08003d50       0x10 c:/program files (x86)/atollic/truestudio for arm 8.1.0/armtools/bin/../lib/gcc/arm-atollic-eabi/6.3.1/../../../../arm-atollic-eabi/lib/armv7-m\libc_nano.a(lib_a-memset.o)
                0x08003d50                memset
 *(.glue_7)
 .glue_7        0x08003d60        0x0 linker stubs
 *(.glue_7t)
 .glue_7t       0x08003d60        0x0 linker stubs
 *(.eh_frame)
 .eh_frame      0x08003d60        0x0 c:/program files (x86)/atollic/truestudio for arm 8.1.0/armtools/bin/../lib/gcc/arm-atollic-eabi/6.3.1/armv7-m/crtbegin.o
 *(.init)
 .init          0x08003d60        0x4 c:/program files (x86)/atollic/truestudio for arm 8.1.0/armtools/bin/../lib/gcc/arm-atollic-eabi/6.3.1/armv7-m/crti.o
                0x08003d60                _init
 .init          0x08003d64        0x8 c:/program files (x86)/atollic/truestudio for arm 8.1.0/armtools/bin/../lib/gcc/arm-atollic-eabi/6.3.1/armv7-m/crtn.o
 *(.fini)
 .fini          0x08003d6c        0x4 c:/program files (x86)/atollic/truestudio for arm 8.1.0/armtools/bin/../lib/gcc/arm-atollic-eabi/6.3.1/armv7-m/crti.o
                0x08003d6c                _fini
 .fini          0x08003d70        0x8 c:/program files (x86)/atollic/truestudio for arm 8.1.0/armtools/bin/../lib/gcc/arm-atollic-eabi/6.3.1/armv7-m/crtn.o
                0x08003d78                . = ALIGN (0x4)
                0x08003d78                _etext = .

.vfp11_veneer   0x08003d78        0x0
 .vfp11_veneer  0x08003d78        0x0 linker stubs

.v4_bx          0x08003d78        0x0
 .v4_bx         0x08003d78        0x0 linker stubs

.iplt           0x08003d78        0x0
 .iplt          0x08003d78        0x0 c:/program files (x86)/atollic/truestudio for arm 8.1.0/armtools/bin/../lib/gcc/arm-atollic-eabi/6.3.1/armv7-m/crtbegin.o

.rodata         0x08003d78       0x9c
                0x08003d78                . = ALIGN (0x4)
 *(.rodata)
 .rodata        0x08003d78       0x10 Drivers\STM32F1xx_HAL_Driver\Src\stm32f1xx_hal_rcc.o
 *(.rodata*)
 .rodata.MX_I2C1_Init.str1.1
                0x08003d88        0xd Src\i2c.o
 .rodata.AHBPrescTable
                0x08003d95       0x10 Src\system_stm32f1xx.o
                0x08003d95                AHBPrescTable
 .rodata.APBPrescTable
                0x08003da5        0x8 Src\system_stm32f1xx.o
                0x08003da5                APBPrescTable
 .rodata.CSWTCH.39
                0x08003dad        0x4 Src\usbd_conf.o
 .rodata.USBD_LL_Init.str1.1
                0x08003db1       0x13 Src\usbd_conf.o
 .rodata.USBD_FS_ConfigStrDescriptor.str1.1
                0x08003dc4        0xb Src\usbd_desc.o
 .rodata.USBD_FS_InterfaceStrDescriptor.str1.1
                0x08003dcf        0xe Src\usbd_desc.o
 .rodata.USBD_FS_ManufacturerStrDescriptor.str1.1
                0x08003ddd       0x13 Src\usbd_desc.o
 .rodata.USBD_FS_ProductStrDescriptor.str1.1
                0x08003df0       0x16 Src\usbd_desc.o
 .rodata.USBD_FS_SerialStrDescriptor.str1.1
                0x08003e06        0xd Src\usbd_desc.o
                0x08003e14                . = ALIGN (0x4)
 *fill*         0x08003e13        0x1 

.rel.dyn        0x08003e14        0x0
 .rel.iplt      0x08003e14        0x0 c:/program files (x86)/atollic/truestudio for arm 8.1.0/armtools/bin/../lib/gcc/arm-atollic-eabi/6.3.1/armv7-m/crtbegin.o

.ARM.extab
 *(.ARM.extab* .gnu.linkonce.armextab.*)

.ARM            0x08003e14        0x0
                0x08003e14                __exidx_start = .
 *(.ARM.exidx*)
                0x08003e14                __exidx_end = .

.preinit_array  0x08003e14        0x0
                0x08003e14                PROVIDE (__preinit_array_start, .)
 *(.preinit_array*)
                0x08003e14                PROVIDE (__preinit_array_end, .)

.init_array     0x08003e14        0x4
                0x08003e14                PROVIDE (__init_array_start, .)
 *(SORT(.init_array.*))
 *(.init_array*)
 .init_array    0x08003e14        0x4 c:/program files (x86)/atollic/truestudio for arm 8.1.0/armtools/bin/../lib/gcc/arm-atollic-eabi/6.3.1/armv7-m/crtbegin.o
                0x08003e18                PROVIDE (__init_array_end, .)

.fini_array     0x08003e18        0x4
                [!provide]                PROVIDE (__fini_array_start, .)
 *(SORT(.fini_array.*))
 *(.fini_array*)
 .fini_array    0x08003e18        0x4 c:/program files (x86)/atollic/truestudio for arm 8.1.0/armtools/bin/../lib/gcc/arm-atollic-eabi/6.3.1/armv7-m/crtbegin.o
                [!provide]                PROVIDE (__fini_array_end, .)
                0x08003e1c                _sidata = LOADADDR (.data)

.data           0x20000000       0xf8 load address 0x08003e1c
                0x20000000                . = ALIGN (0x4)
                0x20000000                _sdata = .
 *(.data)
 *(.data*)
 .data.HID_MOUSE_ReportDesc
                0x20000000       0x4a Middlewares\ST\STM32_USB_Device_Library\Class\HID\Src\usbd_hid.o
 *fill*         0x2000004a        0x2 
 .data.USBD_HID
                0x2000004c       0x38 Middlewares\ST\STM32_USB_Device_Library\Class\HID\Src\usbd_hid.o
                0x2000004c                USBD_HID
 .data.USBD_HID_CfgDesc
                0x20000084       0x22 Middlewares\ST\STM32_USB_Device_Library\Class\HID\Src\usbd_hid.o
 *fill*         0x200000a6        0x2 
 .data.USBD_HID_Desc
                0x200000a8        0x9 Middlewares\ST\STM32_USB_Device_Library\Class\HID\Src\usbd_hid.o
 *fill*         0x200000b1        0x3 
 .data.USBD_HID_DeviceQualifierDesc
                0x200000b4        0xa Middlewares\ST\STM32_USB_Device_Library\Class\HID\Src\usbd_hid.o
 *fill*         0x200000be        0x2 
 .data.SystemCoreClock
                0x200000c0        0x4 Src\system_stm32f1xx.o
                0x200000c0                SystemCoreClock
 .data.FS_Desc  0x200000c4       0x1c Src\usbd_desc.o
                0x200000c4                FS_Desc
 .data.USBD_FS_DeviceDesc
                0x200000e0       0x12 Src\usbd_desc.o
                0x200000e0                USBD_FS_DeviceDesc
 *fill*         0x200000f2        0x2 
 .data.USBD_LangIDDesc
                0x200000f4        0x4 Src\usbd_desc.o
                0x200000f4                USBD_LangIDDesc
                0x200000f8                . = ALIGN (0x4)
                0x200000f8                _edata = .

.igot.plt       0x200000f8        0x0 load address 0x08003f14
 .igot.plt      0x200000f8        0x0 c:/program files (x86)/atollic/truestudio for arm 8.1.0/armtools/bin/../lib/gcc/arm-atollic-eabi/6.3.1/armv7-m/crtbegin.o
                0x200000f8                . = ALIGN (0x4)

.bss            0x200000f8      0x92c load address 0x08003f14
                0x200000f8                _sbss = .
                0x200000f8                __bss_start__ = _sbss
 *(.bss)
 .bss           0x200000f8       0x1c c:/program files (x86)/atollic/truestudio for arm 8.1.0/armtools/bin/../lib/gcc/arm-atollic-eabi/6.3.1/armv7-m/crtbegin.o
 *(.bss*)
 .bss.cfgidx.7708
                0x20000114        0x1 Middlewares\ST\STM32_USB_Device_Library\Core\Src\usbd_ctlreq.o
 *fill*         0x20000115        0x3 
 .bss.mem.7834  0x20000118       0x14 Src\usbd_conf.o
 *(COMMON)
 COMMON         0x2000012c        0x4 Drivers\STM32F1xx_HAL_Driver\Src\stm32f1xx_hal.o
                0x2000012c                uwTick
 COMMON         0x20000130       0x54 Src\i2c.o
                0x20000130                hi2c1
 COMMON         0x20000184       0x1c Src\main.o
                0x20000184                mpu1
 COMMON         0x200001a0      0x224 Src\usb_device.o
                0x200001a0                hUsbDeviceFS
 COMMON         0x200003c4      0x460 Src\usbd_conf.o
                0x200003c4                hpcd_USB_FS
 COMMON         0x20000824      0x200 Src\usbd_desc.o
                0x20000824                USBD_StrDesc
                0x20000a24                . = ALIGN (0x4)
                0x20000a24                _ebss = .
                0x20000a24                __bss_end__ = _ebss

._user_heap_stack
                0x20000a24      0x600 load address 0x08003f14
                0x20000a24                . = ALIGN (0x4)
                [!provide]                PROVIDE (end, .)
                [!provide]                PROVIDE (_end, .)
                0x20000c24                . = (. + _Min_Heap_Size)
 *fill*         0x20000a24      0x200 
                0x20001024                . = (. + _Min_Stack_Size)
 *fill*         0x20000c24      0x400 
                0x20001024                . = ALIGN (0x4)

/DISCARD/
 libc.a(*)
 libm.a(*)
 libgcc.a(*)

.ARM.attributes
                0x00000000       0x29
 *(.ARM.attributes)
 .ARM.attributes
                0x00000000       0x1d c:/program files (x86)/atollic/truestudio for arm 8.1.0/armtools/bin/../lib/gcc/arm-atollic-eabi/6.3.1/armv7-m/crti.o
 .ARM.attributes
                0x0000001d       0x2d c:/program files (x86)/atollic/truestudio for arm 8.1.0/armtools/bin/../lib/gcc/arm-atollic-eabi/6.3.1/armv7-m/crtbegin.o
 .ARM.attributes
                0x0000004a       0x33 Drivers\STM32F1xx_HAL_Driver\Src\stm32f1xx_hal.o
 .ARM.attributes
                0x0000007d       0x33 Drivers\STM32F1xx_HAL_Driver\Src\stm32f1xx_hal_cortex.o
 .ARM.attributes
                0x000000b0       0x33 Drivers\STM32F1xx_HAL_Driver\Src\stm32f1xx_hal_dma.o
 .ARM.attributes
                0x000000e3       0x33 Drivers\STM32F1xx_HAL_Driver\Src\stm32f1xx_hal_gpio.o
 .ARM.attributes
                0x00000116       0x33 Drivers\STM32F1xx_HAL_Driver\Src\stm32f1xx_hal_i2c.o
 .ARM.attributes
                0x00000149       0x33 Drivers\STM32F1xx_HAL_Driver\Src\stm32f1xx_hal_pcd.o
 .ARM.attributes
                0x0000017c       0x33 Drivers\STM32F1xx_HAL_Driver\Src\stm32f1xx_hal_pcd_ex.o
 .ARM.attributes
                0x000001af       0x33 Drivers\STM32F1xx_HAL_Driver\Src\stm32f1xx_hal_rcc.o
 .ARM.attributes
                0x000001e2       0x33 Drivers\STM32F1xx_HAL_Driver\Src\stm32f1xx_hal_rcc_ex.o
 .ARM.attributes
                0x00000215       0x33 Drivers\STM32F1xx_HAL_Driver\Src\stm32f1xx_ll_usb.o
 .ARM.attributes
                0x00000248       0x33 Middlewares\ST\STM32_USB_Device_Library\Class\HID\Src\usbd_hid.o
 .ARM.attributes
                0x0000027b       0x33 Middlewares\ST\STM32_USB_Device_Library\Core\Src\usbd_core.o
 .ARM.attributes
                0x000002ae       0x33 Middlewares\ST\STM32_USB_Device_Library\Core\Src\usbd_ctlreq.o
 .ARM.attributes
                0x000002e1       0x33 Middlewares\ST\STM32_USB_Device_Library\Core\Src\usbd_ioreq.o
 .ARM.attributes
                0x00000314       0x33 Src\gpio.o
 .ARM.attributes
                0x00000347       0x33 Src\i2c.o
 .ARM.attributes
                0x0000037a       0x33 Src\main.o
 .ARM.attributes
                0x000003ad       0x33 Src\sd_hal_mpu6050.o
 .ARM.attributes
                0x000003e0       0x33 Src\stm32f1xx_hal_msp.o
 .ARM.attributes
                0x00000413       0x33 Src\stm32f1xx_it.o
 .ARM.attributes
                0x00000446       0x33 Src\system_stm32f1xx.o
 .ARM.attributes
                0x00000479       0x33 Src\usb_device.o
 .ARM.attributes
                0x000004ac       0x33 Src\usbd_conf.o
 .ARM.attributes
                0x000004df       0x33 Src\usbd_desc.o
 .ARM.attributes
                0x00000512       0x21 startup\startup_stm32f103xb.o
 .ARM.attributes
                0x00000533       0x2d c:/program files (x86)/atollic/truestudio for arm 8.1.0/armtools/bin/../lib/gcc/arm-atollic-eabi/6.3.1/../../../../arm-atollic-eabi/lib/armv7-m\libc_nano.a(lib_a-init.o)
 .ARM.attributes
                0x00000560       0x2d c:/program files (x86)/atollic/truestudio for arm 8.1.0/armtools/bin/../lib/gcc/arm-atollic-eabi/6.3.1/../../../../arm-atollic-eabi/lib/armv7-m\libc_nano.a(lib_a-memset.o)
 .ARM.attributes
                0x0000058d       0x1d c:/program files (x86)/atollic/truestudio for arm 8.1.0/armtools/bin/../lib/gcc/arm-atollic-eabi/6.3.1/armv7-m/crtn.o
OUTPUT(PORRA _MERMÃO.elf elf32-littlearm)

.debug_info     0x00000000    0x1d907
 .debug_info    0x00000000      0xece Drivers\STM32F1xx_HAL_Driver\Src\stm32f1xx_hal.o
 .debug_info    0x00000ece     0x1463 Drivers\STM32F1xx_HAL_Driver\Src\stm32f1xx_hal_cortex.o
 .debug_info    0x00002331     0x1001 Drivers\STM32F1xx_HAL_Driver\Src\stm32f1xx_hal_dma.o
 .debug_info    0x00003332      0xe7c Drivers\STM32F1xx_HAL_Driver\Src\stm32f1xx_hal_gpio.o
 .debug_info    0x000041ae     0x38a4 Drivers\STM32F1xx_HAL_Driver\Src\stm32f1xx_hal_i2c.o
 .debug_info    0x00007a52     0x197a Drivers\STM32F1xx_HAL_Driver\Src\stm32f1xx_hal_pcd.o
 .debug_info    0x000093cc      0xdfe Drivers\STM32F1xx_HAL_Driver\Src\stm32f1xx_hal_pcd_ex.o
 .debug_info    0x0000a1ca     0x118f Drivers\STM32F1xx_HAL_Driver\Src\stm32f1xx_hal_rcc.o
 .debug_info    0x0000b359      0xc57 Drivers\STM32F1xx_HAL_Driver\Src\stm32f1xx_hal_rcc_ex.o
 .debug_info    0x0000bfb0     0x1701 Drivers\STM32F1xx_HAL_Driver\Src\stm32f1xx_ll_usb.o
 .debug_info    0x0000d6b1     0x114e Middlewares\ST\STM32_USB_Device_Library\Class\HID\Src\usbd_hid.o
 .debug_info    0x0000e7ff     0x1466 Middlewares\ST\STM32_USB_Device_Library\Core\Src\usbd_core.o
 .debug_info    0x0000fc65     0x1499 Middlewares\ST\STM32_USB_Device_Library\Core\Src\usbd_ctlreq.o
 .debug_info    0x000110fe      0xfc5 Middlewares\ST\STM32_USB_Device_Library\Core\Src\usbd_ioreq.o
 .debug_info    0x000120c3      0xb46 Src\gpio.o
 .debug_info    0x00012c09     0x1224 Src\i2c.o
 .debug_info    0x00013e2d     0x194b Src\main.o
 .debug_info    0x00015778     0x1a7f Src\sd_hal_mpu6050.o
 .debug_info    0x000171f7      0xca3 Src\stm32f1xx_hal_msp.o
 .debug_info    0x00017e9a     0x12aa Src\stm32f1xx_it.o
 .debug_info    0x00019144      0xc07 Src\system_stm32f1xx.o
 .debug_info    0x00019d4b      0xdae Src\usb_device.o
 .debug_info    0x0001aaf9     0x200f Src\usbd_conf.o
 .debug_info    0x0001cb08      0xd71 Src\usbd_desc.o
 .debug_info    0x0001d879       0x8e startup\startup_stm32f103xb.o

.debug_abbrev   0x00000000     0x3f31
 .debug_abbrev  0x00000000      0x2c2 Drivers\STM32F1xx_HAL_Driver\Src\stm32f1xx_hal.o
 .debug_abbrev  0x000002c2      0x399 Drivers\STM32F1xx_HAL_Driver\Src\stm32f1xx_hal_cortex.o
 .debug_abbrev  0x0000065b      0x29e Drivers\STM32F1xx_HAL_Driver\Src\stm32f1xx_hal_dma.o
 .debug_abbrev  0x000008f9      0x268 Drivers\STM32F1xx_HAL_Driver\Src\stm32f1xx_hal_gpio.o
 .debug_abbrev  0x00000b61      0x3c1 Drivers\STM32F1xx_HAL_Driver\Src\stm32f1xx_hal_i2c.o
 .debug_abbrev  0x00000f22      0x39a Drivers\STM32F1xx_HAL_Driver\Src\stm32f1xx_hal_pcd.o
 .debug_abbrev  0x000012bc      0x1f5 Drivers\STM32F1xx_HAL_Driver\Src\stm32f1xx_hal_pcd_ex.o
 .debug_abbrev  0x000014b1      0x354 Drivers\STM32F1xx_HAL_Driver\Src\stm32f1xx_hal_rcc.o
 .debug_abbrev  0x00001805      0x277 Drivers\STM32F1xx_HAL_Driver\Src\stm32f1xx_hal_rcc_ex.o
 .debug_abbrev  0x00001a7c      0x31c Drivers\STM32F1xx_HAL_Driver\Src\stm32f1xx_ll_usb.o
 .debug_abbrev  0x00001d98      0x264 Middlewares\ST\STM32_USB_Device_Library\Class\HID\Src\usbd_hid.o
 .debug_abbrev  0x00001ffc      0x308 Middlewares\ST\STM32_USB_Device_Library\Core\Src\usbd_core.o
 .debug_abbrev  0x00002304      0x3aa Middlewares\ST\STM32_USB_Device_Library\Core\Src\usbd_ctlreq.o
 .debug_abbrev  0x000026ae      0x1da Middlewares\ST\STM32_USB_Device_Library\Core\Src\usbd_ioreq.o
 .debug_abbrev  0x00002888      0x1d2 Src\gpio.o
 .debug_abbrev  0x00002a5a      0x230 Src\i2c.o
 .debug_abbrev  0x00002c8a      0x2af Src\main.o
 .debug_abbrev  0x00002f39      0x2b5 Src\sd_hal_mpu6050.o
 .debug_abbrev  0x000031ee      0x1f5 Src\stm32f1xx_hal_msp.o
 .debug_abbrev  0x000033e3      0x21e Src\stm32f1xx_it.o
 .debug_abbrev  0x00003601      0x1eb Src\system_stm32f1xx.o
 .debug_abbrev  0x000037ec      0x1d7 Src\usb_device.o
 .debug_abbrev  0x000039c3      0x2ea Src\usbd_conf.o
 .debug_abbrev  0x00003cad      0x272 Src\usbd_desc.o
 .debug_abbrev  0x00003f1f       0x12 startup\startup_stm32f103xb.o

.debug_loc      0x00000000     0x7d7b
 .debug_loc     0x00000000       0x69 Drivers\STM32F1xx_HAL_Driver\Src\stm32f1xx_hal.o
 .debug_loc     0x00000069      0x46b Drivers\STM32F1xx_HAL_Driver\Src\stm32f1xx_hal_cortex.o
 .debug_loc     0x000004d4      0x5d1 Drivers\STM32F1xx_HAL_Driver\Src\stm32f1xx_hal_dma.o
 .debug_loc     0x00000aa5      0x36a Drivers\STM32F1xx_HAL_Driver\Src\stm32f1xx_hal_gpio.o
 .debug_loc     0x00000e0f     0x2c11 Drivers\STM32F1xx_HAL_Driver\Src\stm32f1xx_hal_i2c.o
 .debug_loc     0x00003a20      0x995 Drivers\STM32F1xx_HAL_Driver\Src\stm32f1xx_hal_pcd.o
 .debug_loc     0x000043b5       0xe0 Drivers\STM32F1xx_HAL_Driver\Src\stm32f1xx_hal_pcd_ex.o
 .debug_loc     0x00004495      0x404 Drivers\STM32F1xx_HAL_Driver\Src\stm32f1xx_hal_rcc.o
 .debug_loc     0x00004899      0x29d Drivers\STM32F1xx_HAL_Driver\Src\stm32f1xx_hal_rcc_ex.o
 .debug_loc     0x00004b36      0xb9c Drivers\STM32F1xx_HAL_Driver\Src\stm32f1xx_ll_usb.o
 .debug_loc     0x000056d2      0x40e Middlewares\ST\STM32_USB_Device_Library\Class\HID\Src\usbd_hid.o
 .debug_loc     0x00005ae0      0x5f2 Middlewares\ST\STM32_USB_Device_Library\Core\Src\usbd_core.o
 .debug_loc     0x000060d2      0x7cd Middlewares\ST\STM32_USB_Device_Library\Core\Src\usbd_ctlreq.o
 .debug_loc     0x0000689f      0x23c Middlewares\ST\STM32_USB_Device_Library\Core\Src\usbd_ioreq.o
 .debug_loc     0x00006adb       0x4d Src\i2c.o
 .debug_loc     0x00006b28       0x50 Src\main.o
 .debug_loc     0x00006b78      0x55e Src\sd_hal_mpu6050.o
 .debug_loc     0x000070d6       0xcd Src\system_stm32f1xx.o
 .debug_loc     0x000071a3      0x965 Src\usbd_conf.o
 .debug_loc     0x00007b08      0x273 Src\usbd_desc.o

.debug_aranges  0x00000000      0xaf8
 .debug_aranges
                0x00000000       0xb0 Drivers\STM32F1xx_HAL_Driver\Src\stm32f1xx_hal.o
 .debug_aranges
                0x000000b0       0x90 Drivers\STM32F1xx_HAL_Driver\Src\stm32f1xx_hal_cortex.o
 .debug_aranges
                0x00000140       0x78 Drivers\STM32F1xx_HAL_Driver\Src\stm32f1xx_hal_dma.o
 .debug_aranges
                0x000001b8       0x58 Drivers\STM32F1xx_HAL_Driver\Src\stm32f1xx_hal_gpio.o
 .debug_aranges
                0x00000210      0x190 Drivers\STM32F1xx_HAL_Driver\Src\stm32f1xx_hal_i2c.o
 .debug_aranges
                0x000003a0       0xc0 Drivers\STM32F1xx_HAL_Driver\Src\stm32f1xx_hal_pcd.o
 .debug_aranges
                0x00000460       0x28 Drivers\STM32F1xx_HAL_Driver\Src\stm32f1xx_hal_pcd_ex.o
 .debug_aranges
                0x00000488       0x88 Drivers\STM32F1xx_HAL_Driver\Src\stm32f1xx_hal_rcc.o
 .debug_aranges
                0x00000510       0x30 Drivers\STM32F1xx_HAL_Driver\Src\stm32f1xx_hal_rcc_ex.o
 .debug_aranges
                0x00000540       0xe0 Drivers\STM32F1xx_HAL_Driver\Src\stm32f1xx_ll_usb.o
 .debug_aranges
                0x00000620       0x58 Middlewares\ST\STM32_USB_Device_Library\Class\HID\Src\usbd_hid.o
 .debug_aranges
                0x00000678       0xa8 Middlewares\ST\STM32_USB_Device_Library\Core\Src\usbd_core.o
 .debug_aranges
                0x00000720       0x50 Middlewares\ST\STM32_USB_Device_Library\Core\Src\usbd_ctlreq.o
 .debug_aranges
                0x00000770       0x50 Middlewares\ST\STM32_USB_Device_Library\Core\Src\usbd_ioreq.o
 .debug_aranges
                0x000007c0       0x20 Src\gpio.o
 .debug_aranges
                0x000007e0       0x30 Src\i2c.o
 .debug_aranges
                0x00000810       0x30 Src\main.o
 .debug_aranges
                0x00000840       0x70 Src\sd_hal_mpu6050.o
 .debug_aranges
                0x000008b0       0x20 Src\stm32f1xx_hal_msp.o
 .debug_aranges
                0x000008d0       0x58 Src\stm32f1xx_it.o
 .debug_aranges
                0x00000928       0x28 Src\system_stm32f1xx.o
 .debug_aranges
                0x00000950       0x20 Src\usb_device.o
 .debug_aranges
                0x00000970      0x110 Src\usbd_conf.o
 .debug_aranges
                0x00000a80       0x50 Src\usbd_desc.o
 .debug_aranges
                0x00000ad0       0x28 startup\startup_stm32f103xb.o

.debug_ranges   0x00000000     0x1098
 .debug_ranges  0x00000000       0xa0 Drivers\STM32F1xx_HAL_Driver\Src\stm32f1xx_hal.o
 .debug_ranges  0x000000a0      0x128 Drivers\STM32F1xx_HAL_Driver\Src\stm32f1xx_hal_cortex.o
 .debug_ranges  0x000001c8       0xa8 Drivers\STM32F1xx_HAL_Driver\Src\stm32f1xx_hal_dma.o
 .debug_ranges  0x00000270       0x60 Drivers\STM32F1xx_HAL_Driver\Src\stm32f1xx_hal_gpio.o
 .debug_ranges  0x000002d0      0x438 Drivers\STM32F1xx_HAL_Driver\Src\stm32f1xx_hal_i2c.o
 .debug_ranges  0x00000708      0x118 Drivers\STM32F1xx_HAL_Driver\Src\stm32f1xx_hal_pcd.o
 .debug_ranges  0x00000820       0x18 Drivers\STM32F1xx_HAL_Driver\Src\stm32f1xx_hal_pcd_ex.o
 .debug_ranges  0x00000838       0xa0 Drivers\STM32F1xx_HAL_Driver\Src\stm32f1xx_hal_rcc.o
 .debug_ranges  0x000008d8       0x40 Drivers\STM32F1xx_HAL_Driver\Src\stm32f1xx_hal_rcc_ex.o
 .debug_ranges  0x00000918      0x260 Drivers\STM32F1xx_HAL_Driver\Src\stm32f1xx_ll_usb.o
 .debug_ranges  0x00000b78       0x48 Middlewares\ST\STM32_USB_Device_Library\Class\HID\Src\usbd_hid.o
 .debug_ranges  0x00000bc0       0x98 Middlewares\ST\STM32_USB_Device_Library\Core\Src\usbd_core.o
 .debug_ranges  0x00000c58       0xc0 Middlewares\ST\STM32_USB_Device_Library\Core\Src\usbd_ctlreq.o
 .debug_ranges  0x00000d18       0x40 Middlewares\ST\STM32_USB_Device_Library\Core\Src\usbd_ioreq.o
 .debug_ranges  0x00000d58       0x50 Src\gpio.o
 .debug_ranges  0x00000da8       0x48 Src\i2c.o
 .debug_ranges  0x00000df0       0x20 Src\main.o
 .debug_ranges  0x00000e10       0x60 Src\sd_hal_mpu6050.o
 .debug_ranges  0x00000e70       0x30 Src\stm32f1xx_hal_msp.o
 .debug_ranges  0x00000ea0       0x48 Src\stm32f1xx_it.o
 .debug_ranges  0x00000ee8       0x18 Src\system_stm32f1xx.o
 .debug_ranges  0x00000f00       0x10 Src\usb_device.o
 .debug_ranges  0x00000f10      0x128 Src\usbd_conf.o
 .debug_ranges  0x00001038       0x40 Src\usbd_desc.o
 .debug_ranges  0x00001078       0x20 startup\startup_stm32f103xb.o

.debug_line     0x00000000     0x7d13
 .debug_line    0x00000000      0x406 Drivers\STM32F1xx_HAL_Driver\Src\stm32f1xx_hal.o
 .debug_line    0x00000406      0x42c Drivers\STM32F1xx_HAL_Driver\Src\stm32f1xx_hal_cortex.o
 .debug_line    0x00000832      0x693 Drivers\STM32F1xx_HAL_Driver\Src\stm32f1xx_hal_dma.o
 .debug_line    0x00000ec5      0x445 Drivers\STM32F1xx_HAL_Driver\Src\stm32f1xx_hal_gpio.o
 .debug_line    0x0000130a     0x1a81 Drivers\STM32F1xx_HAL_Driver\Src\stm32f1xx_hal_i2c.o
 .debug_line    0x00002d8b      0x6e9 Drivers\STM32F1xx_HAL_Driver\Src\stm32f1xx_hal_pcd.o
 .debug_line    0x00003474      0x2e6 Drivers\STM32F1xx_HAL_Driver\Src\stm32f1xx_hal_pcd_ex.o
 .debug_line    0x0000375a      0x5f9 Drivers\STM32F1xx_HAL_Driver\Src\stm32f1xx_hal_rcc.o
 .debug_line    0x00003d53      0x3c6 Drivers\STM32F1xx_HAL_Driver\Src\stm32f1xx_hal_rcc_ex.o
 .debug_line    0x00004119      0x60f Drivers\STM32F1xx_HAL_Driver\Src\stm32f1xx_ll_usb.o
 .debug_line    0x00004728      0x45a Middlewares\ST\STM32_USB_Device_Library\Class\HID\Src\usbd_hid.o
 .debug_line    0x00004b82      0x4ee Middlewares\ST\STM32_USB_Device_Library\Core\Src\usbd_core.o
 .debug_line    0x00005070      0x46e Middlewares\ST\STM32_USB_Device_Library\Core\Src\usbd_ctlreq.o
 .debug_line    0x000054de      0x384 Middlewares\ST\STM32_USB_Device_Library\Core\Src\usbd_ioreq.o
 .debug_line    0x00005862      0x282 Src\gpio.o
 .debug_line    0x00005ae4      0x327 Src\i2c.o
 .debug_line    0x00005e0b      0x476 Src\main.o
 .debug_line    0x00006281      0x4a4 Src\sd_hal_mpu6050.o
 .debug_line    0x00006725      0x288 Src\stm32f1xx_hal_msp.o
 .debug_line    0x000069ad      0x370 Src\stm32f1xx_it.o
 .debug_line    0x00006d1d      0x282 Src\system_stm32f1xx.o
 .debug_line    0x00006f9f      0x34c Src\usb_device.o
 .debug_line    0x000072eb      0x647 Src\usbd_conf.o
 .debug_line    0x00007932      0x364 Src\usbd_desc.o
 .debug_line    0x00007c96       0x7d startup\startup_stm32f103xb.o

.debug_str      0x00000000     0x3d6c
 .debug_str     0x00000000      0xb39 Drivers\STM32F1xx_HAL_Driver\Src\stm32f1xx_hal.o
                                0xbce (size before relaxing)
 .debug_str     0x00000b39      0x2e1 Drivers\STM32F1xx_HAL_Driver\Src\stm32f1xx_hal_cortex.o
                                0xd32 (size before relaxing)
 .debug_str     0x00000e1a      0x3e6 Drivers\STM32F1xx_HAL_Driver\Src\stm32f1xx_hal_dma.o
                                0xa96 (size before relaxing)
 .debug_str     0x00001200      0x1c4 Drivers\STM32F1xx_HAL_Driver\Src\stm32f1xx_hal_gpio.o
                                0x89f (size before relaxing)
 .debug_str     0x000013c4      0xa6c Drivers\STM32F1xx_HAL_Driver\Src\stm32f1xx_hal_i2c.o
                               0x1335 (size before relaxing)
 .debug_str     0x00001e30      0x797 Drivers\STM32F1xx_HAL_Driver\Src\stm32f1xx_hal_pcd.o
                                0xe99 (size before relaxing)
 .debug_str     0x000025c7       0x57 Drivers\STM32F1xx_HAL_Driver\Src\stm32f1xx_hal_pcd_ex.o
                                0x9c4 (size before relaxing)
 .debug_str     0x0000261e      0x306 Drivers\STM32F1xx_HAL_Driver\Src\stm32f1xx_hal_rcc.o
                                0xa7d (size before relaxing)
 .debug_str     0x00002924      0x12b Drivers\STM32F1xx_HAL_Driver\Src\stm32f1xx_hal_rcc_ex.o
                                0x85a (size before relaxing)
 .debug_str     0x00002a4f      0x15b Drivers\STM32F1xx_HAL_Driver\Src\stm32f1xx_ll_usb.o
                                0xb97 (size before relaxing)
 .debug_str     0x00002baa      0x580 Middlewares\ST\STM32_USB_Device_Library\Class\HID\Src\usbd_hid.o
                                0xc23 (size before relaxing)
 .debug_str     0x0000312a      0x2b7 Middlewares\ST\STM32_USB_Device_Library\Core\Src\usbd_core.o
                                0xcb5 (size before relaxing)
 .debug_str     0x000033e1      0x11b Middlewares\ST\STM32_USB_Device_Library\Core\Src\usbd_ctlreq.o
                                0xbcf (size before relaxing)
 .debug_str     0x000034fc       0x79 Middlewares\ST\STM32_USB_Device_Library\Core\Src\usbd_ioreq.o
                                0xafc (size before relaxing)
 .debug_str     0x00003575       0x2b Src\gpio.o
                                0x6e3 (size before relaxing)
 .debug_str     0x000035a0       0x39 Src\i2c.o
                                0xec8 (size before relaxing)
 .debug_str     0x000035d9      0x2bd Src\main.o
                               0x166e (size before relaxing)
 .debug_str     0x00003896      0x21b Src\sd_hal_mpu6050.o
                                0xf7c (size before relaxing)
 .debug_str     0x00003ab1       0x1b Src\stm32f1xx_hal_msp.o
                                0x9ba (size before relaxing)
 .debug_str     0x00003acc       0xe0 Src\stm32f1xx_it.o
                                0xe4c (size before relaxing)
 .debug_str     0x00003bac       0x4d Src\system_stm32f1xx.o
                                0x708 (size before relaxing)
 .debug_str     0x00003bf9       0x14 Src\usb_device.o
                                0xa21 (size before relaxing)
 .debug_str     0x00003c0d       0x51 Src\usbd_conf.o
                               0x1596 (size before relaxing)
 .debug_str     0x00003c5e      0x10e Src\usbd_desc.o
                                0x870 (size before relaxing)

.comment        0x00000000       0x7c
 .comment       0x00000000       0x7c Drivers\STM32F1xx_HAL_Driver\Src\stm32f1xx_hal.o
                                 0x7d (size before relaxing)
 .comment       0x0000007c       0x7d Drivers\STM32F1xx_HAL_Driver\Src\stm32f1xx_hal_cortex.o
 .comment       0x0000007c       0x7d Drivers\STM32F1xx_HAL_Driver\Src\stm32f1xx_hal_dma.o
 .comment       0x0000007c       0x7d Drivers\STM32F1xx_HAL_Driver\Src\stm32f1xx_hal_gpio.o
 .comment       0x0000007c       0x7d Drivers\STM32F1xx_HAL_Driver\Src\stm32f1xx_hal_i2c.o
 .comment       0x0000007c       0x7d Drivers\STM32F1xx_HAL_Driver\Src\stm32f1xx_hal_pcd.o
 .comment       0x0000007c       0x7d Drivers\STM32F1xx_HAL_Driver\Src\stm32f1xx_hal_pcd_ex.o
 .comment       0x0000007c       0x7d Drivers\STM32F1xx_HAL_Driver\Src\stm32f1xx_hal_rcc.o
 .comment       0x0000007c       0x7d Drivers\STM32F1xx_HAL_Driver\Src\stm32f1xx_hal_rcc_ex.o
 .comment       0x0000007c       0x7d Drivers\STM32F1xx_HAL_Driver\Src\stm32f1xx_ll_usb.o
 .comment       0x0000007c       0x7d Middlewares\ST\STM32_USB_Device_Library\Class\HID\Src\usbd_hid.o
 .comment       0x0000007c       0x7d Middlewares\ST\STM32_USB_Device_Library\Core\Src\usbd_core.o
 .comment       0x0000007c       0x7d Middlewares\ST\STM32_USB_Device_Library\Core\Src\usbd_ctlreq.o
 .comment       0x0000007c       0x7d Middlewares\ST\STM32_USB_Device_Library\Core\Src\usbd_ioreq.o
 .comment       0x0000007c       0x7d Src\gpio.o
 .comment       0x0000007c       0x7d Src\i2c.o
 .comment       0x0000007c       0x7d Src\main.o
 .comment       0x0000007c       0x7d Src\sd_hal_mpu6050.o
 .comment       0x0000007c       0x7d Src\stm32f1xx_hal_msp.o
 .comment       0x0000007c       0x7d Src\stm32f1xx_it.o
 .comment       0x0000007c       0x7d Src\system_stm32f1xx.o
 .comment       0x0000007c       0x7d Src\usb_device.o
 .comment       0x0000007c       0x7d Src\usbd_conf.o
 .comment       0x0000007c       0x7d Src\usbd_desc.o

.debug_frame    0x00000000     0x1d68
 .debug_frame   0x00000000      0x174 Drivers\STM32F1xx_HAL_Driver\Src\stm32f1xx_hal.o
 .debug_frame   0x00000174      0x120 Drivers\STM32F1xx_HAL_Driver\Src\stm32f1xx_hal_cortex.o
 .debug_frame   0x00000294      0x144 Drivers\STM32F1xx_HAL_Driver\Src\stm32f1xx_hal_dma.o
 .debug_frame   0x000003d8       0xd4 Drivers\STM32F1xx_HAL_Driver\Src\stm32f1xx_hal_gpio.o
 .debug_frame   0x000004ac      0x684 Drivers\STM32F1xx_HAL_Driver\Src\stm32f1xx_hal_i2c.o
 .debug_frame   0x00000b30      0x2c4 Drivers\STM32F1xx_HAL_Driver\Src\stm32f1xx_hal_pcd.o
 .debug_frame   0x00000df4       0x30 Drivers\STM32F1xx_HAL_Driver\Src\stm32f1xx_hal_pcd_ex.o
 .debug_frame   0x00000e24      0x144 Drivers\STM32F1xx_HAL_Driver\Src\stm32f1xx_hal_rcc.o
 .debug_frame   0x00000f68       0x6c Drivers\STM32F1xx_HAL_Driver\Src\stm32f1xx_hal_rcc_ex.o
 .debug_frame   0x00000fd4      0x22c Drivers\STM32F1xx_HAL_Driver\Src\stm32f1xx_ll_usb.o
 .debug_frame   0x00001200       0xb4 Middlewares\ST\STM32_USB_Device_Library\Class\HID\Src\usbd_hid.o
 .debug_frame   0x000012b4      0x1c0 Middlewares\ST\STM32_USB_Device_Library\Core\Src\usbd_core.o
 .debug_frame   0x00001474       0xcc Middlewares\ST\STM32_USB_Device_Library\Core\Src\usbd_ctlreq.o
 .debug_frame   0x00001540       0xb8 Middlewares\ST\STM32_USB_Device_Library\Core\Src\usbd_ioreq.o
 .debug_frame   0x000015f8       0x2c Src\gpio.o
 .debug_frame   0x00001624       0x68 Src\i2c.o
 .debug_frame   0x0000168c       0x5c Src\main.o
 .debug_frame   0x000016e8      0x1b4 Src\sd_hal_mpu6050.o
 .debug_frame   0x0000189c       0x2c Src\stm32f1xx_hal_msp.o
 .debug_frame   0x000018c8       0xcc Src\stm32f1xx_it.o
 .debug_frame   0x00001994       0x30 Src\system_stm32f1xx.o
 .debug_frame   0x000019c4       0x2c Src\usb_device.o
 .debug_frame   0x000019f0      0x284 Src\usbd_conf.o
 .debug_frame   0x00001c74       0xa8 Src\usbd_desc.o
 .debug_frame   0x00001d1c       0x2c c:/program files (x86)/atollic/truestudio for arm 8.1.0/armtools/bin/../lib/gcc/arm-atollic-eabi/6.3.1/../../../../arm-atollic-eabi/lib/armv7-m\libc_nano.a(lib_a-init.o)
 .debug_frame   0x00001d48       0x20 c:/program files (x86)/atollic/truestudio for arm 8.1.0/armtools/bin/../lib/gcc/arm-atollic-eabi/6.3.1/../../../../arm-atollic-eabi/lib/armv7-m\libc_nano.a(lib_a-memset.o)
