usbd_conf.c:76:6:HAL_PCD_MspInit	16	static
usbd_conf.c:95:6:HAL_PCD_MspDeInit	0	static
usbd_conf.c:119:6:HAL_PCD_SetupStageCallback	0	static
usbd_conf.c:130:6:HAL_PCD_DataOutStageCallback	0	static
usbd_conf.c:141:6:HAL_PCD_DataInStageCallback	0	static
usbd_conf.c:151:6:HAL_PCD_SOFCallback	0	static
usbd_conf.c:161:6:HAL_PCD_ResetCallback	8	static
usbd_conf.c:188:6:HAL_PCD_SuspendCallback	8	static
usbd_conf.c:208:6:HAL_PCD_ResumeCallback	0	static
usbd_conf.c:222:6:HAL_PCD_ISOOUTIncompleteCallback	0	static
usbd_conf.c:233:6:HAL_PCD_ISOINIncompleteCallback	0	static
usbd_conf.c:243:6:HAL_PCD_ConnectCallback	0	static
usbd_conf.c:253:6:HAL_PCD_DisconnectCallback	0	static
usbd_conf.c:266:21:USBD_LL_Init	8	static
usbd_conf.c:296:21:USBD_LL_DeInit	8	static
usbd_conf.c:328:21:USBD_LL_Start	8	static
usbd_conf.c:360:21:USBD_LL_Stop	8	static
usbd_conf.c:395:21:USBD_LL_OpenEP	8	static
usbd_conf.c:435:21:USBD_LL_CloseEP	8	static
usbd_conf.c:468:21:USBD_LL_FlushEP	8	static
usbd_conf.c:501:21:USBD_LL_StallEP	8	static
usbd_conf.c:534:21:USBD_LL_ClearStallEP	8	static
usbd_conf.c:567:9:USBD_LL_IsStallEP	0	static
usbd_conf.c:586:21:USBD_LL_SetUSBAddress	8	static
usbd_conf.c:621:21:USBD_LL_Transmit	8	static
usbd_conf.c:659:21:USBD_LL_PrepareReceive	8	static
usbd_conf.c:695:10:USBD_LL_GetRxDataSize	8	static
usbd_conf.c:705:7:USBD_LL_Delay	0	static
usbd_conf.c:715:7:USBD_static_malloc	0	static
usbd_conf.c:726:6:USBD_static_free	0	static
usbd_conf.c:737:6:HAL_PCDEx_SetConnectionState	0	static
