stm32f1xx_ll_usb.c:1559:19:USB_CoreInit	0	static
stm32f1xx_ll_usb.c:1577:19:USB_EnableGlobalInt	0	static
stm32f1xx_ll_usb.c:1597:19:USB_DisableGlobalInt	0	static
stm32f1xx_ll_usb.c:1619:19:USB_SetCurrentMode	0	static
stm32f1xx_ll_usb.c:1639:19:USB_DevInit	8	static
stm32f1xx_ll_usb.c:1671:19:USB_FlushTxFifo	0	static
stm32f1xx_ll_usb.c:1688:19:USB_FlushRxFifo	0	static
stm32f1xx_ll_usb.c:1705:19:USB_ActivateEndpoint	16	static
stm32f1xx_ll_usb.c:1790:19:USB_DeactivateEndpoint	8	static
stm32f1xx_ll_usb.c:1931:19:USB_WritePacket	0	static
stm32f1xx_ll_usb.c:1953:7:USB_ReadPacket	0	static
stm32f1xx_ll_usb.c:1972:19:USB_EPSetStall	0	static
stm32f1xx_ll_usb.c:1999:19:USB_EPClearStall	0	static
stm32f1xx_ll_usb.c:2019:19:USB_StopDevice	0	static
stm32f1xx_ll_usb.c:2040:20:USB_SetDevAddress	0	static
stm32f1xx_ll_usb.c:2056:20:USB_DevConnect	0	static
stm32f1xx_ll_usb.c:2072:20:USB_DevDisconnect	0	static
stm32f1xx_ll_usb.c:2088:11:USB_ReadInterrupts	0	static
stm32f1xx_ll_usb.c:2101:10:USB_ReadDevAllOutEpInterrupt	0	static
stm32f1xx_ll_usb.c:2117:10:USB_ReadDevAllInEpInterrupt	0	static
stm32f1xx_ll_usb.c:2135:10:USB_ReadDevOutEPInterrupt	0	static
stm32f1xx_ll_usb.c:2154:10:USB_ReadDevInEPInterrupt	0	static
stm32f1xx_ll_usb.c:2172:7:USB_ClearInterrupts	0	static
stm32f1xx_ll_usb.c:2189:19:USB_EP0_OutStart	0	static
stm32f1xx_ll_usb.c:2206:19:USB_ActivateRemoteWakeup	0	static
stm32f1xx_ll_usb.c:2218:19:USB_DeActivateRemoteWakeup	0	static
stm32f1xx_ll_usb.c:2232:6:USB_WritePMA	8	static
stm32f1xx_ll_usb.c:1843:19:USB_EPStartXfer	16	static
stm32f1xx_ll_usb.c:2258:6:USB_ReadPMA	8	static
