stm32f1xx_hal_pcd.c:250:13:HAL_PCD_MspInit	0	static
stm32f1xx_hal_pcd.c:150:19:HAL_PCD_Init	48	static
stm32f1xx_hal_pcd.c:264:13:HAL_PCD_MspDeInit	0	static
stm32f1xx_hal_pcd.c:297:19:HAL_PCD_Start	8	static
stm32f1xx_hal_pcd.c:312:19:HAL_PCD_Stop	8	static
stm32f1xx_hal_pcd.c:224:19:HAL_PCD_DeInit	8	static
stm32f1xx_hal_pcd.c:641:14:HAL_PCD_DataOutStageCallback	0	static
stm32f1xx_hal_pcd.c:657:14:HAL_PCD_DataInStageCallback	0	static
stm32f1xx_hal_pcd.c:671:14:HAL_PCD_SetupStageCallback	0	static
stm32f1xx_hal_pcd.c:685:14:HAL_PCD_SOFCallback	0	static
stm32f1xx_hal_pcd.c:699:14:HAL_PCD_ResetCallback	0	static
stm32f1xx_hal_pcd.c:713:14:HAL_PCD_SuspendCallback	0	static
stm32f1xx_hal_pcd.c:727:14:HAL_PCD_ResumeCallback	0	static
stm32f1xx_hal_pcd.c:742:14:HAL_PCD_ISOOUTIncompleteCallback	0	static
stm32f1xx_hal_pcd.c:758:14:HAL_PCD_ISOINIncompleteCallback	0	static
stm32f1xx_hal_pcd.c:773:14:HAL_PCD_ConnectCallback	0	static
stm32f1xx_hal_pcd.c:787:14:HAL_PCD_DisconnectCallback	0	static
stm32f1xx_hal_pcd.c:820:19:HAL_PCD_DevConnect	8	static
stm32f1xx_hal_pcd.c:834:19:HAL_PCD_DevDisconnect	8	static
stm32f1xx_hal_pcd.c:849:19:HAL_PCD_SetAddress	8	static
stm32f1xx_hal_pcd.c:865:19:HAL_PCD_EP_Open	16	static
stm32f1xx_hal_pcd.c:896:19:HAL_PCD_EP_Close	8	static
stm32f1xx_hal_pcd.c:927:19:HAL_PCD_EP_Receive	16	static
stm32f1xx_hal_pcd.c:958:10:HAL_PCD_EP_GetRxCount	0	static
stm32f1xx_hal_pcd.c:970:19:HAL_PCD_EP_Transmit	16	static
stm32f1xx_hal_pcd.c:571:6:HAL_PCD_IRQHandler	40	static
stm32f1xx_hal_pcd.c:1001:19:HAL_PCD_EP_SetStall	16	static
stm32f1xx_hal_pcd.c:1035:19:HAL_PCD_EP_ClrStall	16	static
stm32f1xx_hal_pcd.c:1065:19:HAL_PCD_EP_Flush	8	static
stm32f1xx_hal_pcd.c:1088:19:HAL_PCD_ActivateRemoteWakeup	0	static
stm32f1xx_hal_pcd.c:1098:19:HAL_PCD_DeActivateRemoteWakeup	0	static
stm32f1xx_hal_pcd.c:1126:18:HAL_PCD_GetState	0	static
