stm32f1xx_hal_i2c.c:5543:26:I2C_IsAcknowledgeFailed	0	static
stm32f1xx_hal_i2c.c:5345:26:I2C_WaitOnMasterAddressFlagUntilTimeout	32	static
stm32f1xx_hal_i2c.c:5311:26:I2C_WaitOnFlagUntilTimeout	32	static
stm32f1xx_hal_i2c.c:5393:26:I2C_WaitOnTXEFlagUntilTimeout	16	static
stm32f1xx_hal_i2c.c:4958:26:I2C_RequestMemoryWrite	40	static
stm32f1xx_hal_i2c.c:5048:26:I2C_RequestMemoryRead	40	static
stm32f1xx_hal_i2c.c:5501:26:I2C_WaitOnRXNEFlagUntilTimeout	16	static
stm32f1xx_hal_i2c.c:5430:26:I2C_WaitOnBTFFlagUntilTimeout	16	static
stm32f1xx_hal_i2c.c:489:14:HAL_I2C_MspInit	0	static
stm32f1xx_hal_i2c.c:371:19:HAL_I2C_Init	16	static
stm32f1xx_hal_i2c.c:504:14:HAL_I2C_MspDeInit	0	static
stm32f1xx_hal_i2c.c:453:19:HAL_I2C_DeInit	8	static
stm32f1xx_hal_i2c.c:592:19:HAL_I2C_Master_Transmit	40	static
stm32f1xx_hal_i2c.c:724:19:HAL_I2C_Master_Receive	64	static
stm32f1xx_hal_i2c.c:983:19:HAL_I2C_Slave_Transmit	40	static
stm32f1xx_hal_i2c.c:1112:19:HAL_I2C_Slave_Receive	40	static
stm32f1xx_hal_i2c.c:1239:19:HAL_I2C_Master_Transmit_IT	24	static
stm32f1xx_hal_i2c.c:1316:19:HAL_I2C_Master_Receive_IT	24	static
stm32f1xx_hal_i2c.c:1399:19:HAL_I2C_Master_Sequential_Transmit_IT	24	static
stm32f1xx_hal_i2c.c:1502:19:HAL_I2C_Master_Sequential_Receive_IT	24	static
stm32f1xx_hal_i2c.c:1603:19:HAL_I2C_Slave_Transmit_IT	16	static
stm32f1xx_hal_i2c.c:1683:19:HAL_I2C_Slave_Receive_IT	16	static
stm32f1xx_hal_i2c.c:1765:19:HAL_I2C_Slave_Sequential_Transmit_IT	24	static
stm32f1xx_hal_i2c.c:1831:19:HAL_I2C_Slave_Sequential_Receive_IT	24	static
stm32f1xx_hal_i2c.c:1893:19:HAL_I2C_EnableListen_IT	0	static
stm32f1xx_hal_i2c.c:1926:19:HAL_I2C_DisableListen_IT	0	static
stm32f1xx_hal_i2c.c:1963:19:HAL_I2C_Master_Transmit_DMA	24	static
stm32f1xx_hal_i2c.c:2081:19:HAL_I2C_Master_Receive_DMA	24	static
stm32f1xx_hal_i2c.c:2247:19:HAL_I2C_Slave_Transmit_DMA	24	static
stm32f1xx_hal_i2c.c:2342:19:HAL_I2C_Slave_Receive_DMA	24	static
stm32f1xx_hal_i2c.c:2440:19:HAL_I2C_Mem_Write	40	static
stm32f1xx_hal_i2c.c:2573:19:HAL_I2C_Mem_Read	56	static
stm32f1xx_hal_i2c.c:2837:19:HAL_I2C_Mem_Write_IT	32	static
stm32f1xx_hal_i2c.c:2922:19:HAL_I2C_Mem_Read_IT	32	static
stm32f1xx_hal_i2c.c:3012:19:HAL_I2C_Mem_Write_DMA	56	static
stm32f1xx_hal_i2c.c:3132:19:HAL_I2C_Mem_Read_DMA	56	static
stm32f1xx_hal_i2c.c:3291:19:HAL_I2C_IsDeviceReady	56	static
stm32f1xx_hal_i2c.c:3597:13:HAL_I2C_MasterTxCpltCallback	0	static
stm32f1xx_hal_i2c.c:3613:13:HAL_I2C_MasterRxCpltCallback	0	static
stm32f1xx_hal_i2c.c:3628:13:HAL_I2C_SlaveTxCpltCallback	0	static
stm32f1xx_hal_i2c.c:3644:13:HAL_I2C_SlaveRxCpltCallback	0	static
stm32f1xx_hal_i2c.c:3662:13:HAL_I2C_AddrCallback	0	static
stm32f1xx_hal_i2c.c:3680:13:HAL_I2C_ListenCpltCallback	0	static
stm32f1xx_hal_i2c.c:3696:13:HAL_I2C_MemTxCpltCallback	0	static
stm32f1xx_hal_i2c.c:3712:13:HAL_I2C_MemRxCpltCallback	0	static
stm32f1xx_hal_i2c.c:3728:13:HAL_I2C_ErrorCallback	0	static
stm32f1xx_hal_i2c.c:5239:13:I2C_DMAError	8	static
stm32f1xx_hal_i2c.c:5175:13:I2C_DMAXferCplt	8	static
stm32f1xx_hal_i2c.c:3744:13:HAL_I2C_AbortCpltCallback	0	static
stm32f1xx_hal_i2c.c:4647:13:I2C_ITError	8	static
stm32f1xx_hal_i2c.c:2198:19:HAL_I2C_Master_Abort_IT	8	static
stm32f1xx_hal_i2c.c:3414:6:HAL_I2C_EV_IRQHandler	72	static
stm32f1xx_hal_i2c.c:3520:6:HAL_I2C_ER_IRQHandler	24	static
stm32f1xx_hal_i2c.c:5262:13:I2C_DMAAbort	8	static
stm32f1xx_hal_i2c.c:3779:22:HAL_I2C_GetState	0	static
stm32f1xx_hal_i2c.c:3791:21:HAL_I2C_GetMode	0	static
stm32f1xx_hal_i2c.c:3802:10:HAL_I2C_GetError	0	static
